Archive member included because of file (symbol)

C:/Freescale/CW MCU v10.6.4/MCU/ARM_GCC_Support/ewl/lib/armv7e-m\libc.a(puts.o)
                              ./Sources/service/queue.o (puts)
C:/Freescale/CW MCU v10.6.4/MCU/ARM_GCC_Support/ewl/lib/armv7e-m\libc.a(__putchar.o)
                              C:/Freescale/CW MCU v10.6.4/MCU/ARM_GCC_Support/ewl/lib/armv7e-m\libc.a(puts.o) (__put_char)
C:/Freescale/CW MCU v10.6.4/MCU/ARM_GCC_Support/ewl/lib/armv7e-m\libc.a(__buffer_io.o)
                              C:/Freescale/CW MCU v10.6.4/MCU/ARM_GCC_Support/ewl/lib/armv7e-m\libc.a(__putchar.o) (__prep_buffer)
C:/Freescale/CW MCU v10.6.4/MCU/ARM_GCC_Support/ewl/lib/armv7e-m\libc.a(exit.o)
                              ./Project_Settings/Startup_Code/__arm_start.o (exit)
C:/Freescale/CW MCU v10.6.4/MCU/ARM_GCC_Support/ewl/lib/armv7e-m\libc.a(alloc.o)
                              ./Sources/service/queue.o (malloc)
C:/Freescale/CW MCU v10.6.4/MCU/ARM_GCC_Support/ewl/lib/armv7e-m\libc.a(printformat_.o)
                              (__pformatter_)
C:/Freescale/CW MCU v10.6.4/MCU/ARM_GCC_Support/ewl/lib/armv7e-m\libc.a(ansi_files.o)
                              C:/Freescale/CW MCU v10.6.4/MCU/ARM_GCC_Support/ewl/lib/armv7e-m\libc.a(puts.o) (__files)
C:/Freescale/CW MCU v10.6.4/MCU/ARM_GCC_Support/ewl/lib/armv7e-m\libc.a(fflush.o)
                              C:/Freescale/CW MCU v10.6.4/MCU/ARM_GCC_Support/ewl/lib/armv7e-m\libc.a(ansi_files.o) (fflush)
C:/Freescale/CW MCU v10.6.4/MCU/ARM_GCC_Support/ewl/lib/armv7e-m\libc.a(strchr.o)
                              C:/Freescale/CW MCU v10.6.4/MCU/ARM_GCC_Support/ewl/lib/armv7e-m\libc.a(printformat_.o) (strchr)
C:/Freescale/CW MCU v10.6.4/MCU/ARM_GCC_Support/ewl/lib/armv7e-m\libc.a(memchr.o)
                              C:/Freescale/CW MCU v10.6.4/MCU/ARM_GCC_Support/ewl/lib/armv7e-m\libc.a(printformat_.o) (memchr)
C:/Freescale/CW MCU v10.6.4/MCU/ARM_GCC_Support/ewl/lib/armv7e-m\libhosted.a(semihosted_console_io.o)
                              C:/Freescale/CW MCU v10.6.4/MCU/ARM_GCC_Support/ewl/lib/armv7e-m\libc.a(ansi_files.o) (__read_console)
C:/Freescale/CW MCU v10.6.4/MCU/ARM_GCC_Support/ewl/lib/armv7e-m\libhosted.a(semihosted_file_io.o)
                              C:/Freescale/CW MCU v10.6.4/MCU/ARM_GCC_Support/ewl/lib/armv7e-m\libhosted.a(semihosted_console_io.o) (__write_file)
C:/Freescale/CW MCU v10.6.4/MCU/ARM_GCC_Support/ewl/lib/armv7e-m\librt.a(gcc_ctor_dtor.o)
                              ./Project_Settings/Startup_Code/__arm_start.o (__init_cpp)
C:/Freescale/CW MCU v10.6.4/MCU/ARM_GCC_Support/ewl/lib/armv7e-m\librt.a(__arm_eabi_init.o)
                              C:/Freescale/CW MCU v10.6.4/MCU/ARM_GCC_Support/ewl/lib/armv7e-m\libc.a(exit.o) (__destroy_global_chain)
C:/Freescale/CW MCU v10.6.4/MCU/ARM_GCC_Support/ewl/lib/armv7e-m\librt.a(ROMCopy.o)
                              ./Project_Settings/Startup_Code/__arm_start.o (__copy_rom_sections_to_ram)

Allocating common symbols
Common symbol       size              file

core_clk_mhz        0x4               ./cpu/sysinit.o
core_clk_khz        0x4               ./cpu/sysinit.o
periph_clk_khz      0x4               ./cpu/sysinit.o
stdout_buff         0x40              C:/Freescale/CW MCU v10.6.4/MCU/ARM_GCC_Support/ewl/lib/armv7e-m\libc.a(ansi_files.o)
stdin_buff          0x40              C:/Freescale/CW MCU v10.6.4/MCU/ARM_GCC_Support/ewl/lib/armv7e-m\libc.a(ansi_files.o)
LPTMR_INTERRUPT     0x1               ./drivers/lptmr/lptmr_interrupt.o
stderr_buff         0x40              C:/Freescale/CW MCU v10.6.4/MCU/ARM_GCC_Support/ewl/lib/armv7e-m\libc.a(ansi_files.o)

Discarded input sections

 .group         0x00000000        0x8 ./Project_Settings/Startup_Code/kinetis_sysinit.o
 .group         0x00000000        0x8 ./Project_Settings/Startup_Code/kinetis_sysinit.o
 .group         0x00000000        0x8 ./Project_Settings/Startup_Code/kinetis_sysinit.o
 .group         0x00000000        0x8 ./Project_Settings/Startup_Code/kinetis_sysinit.o
 .group         0x00000000        0x8 ./Project_Settings/Startup_Code/kinetis_sysinit.o
 .group         0x00000000        0x8 ./Project_Settings/Startup_Code/kinetis_sysinit.o
 .group         0x00000000        0x8 ./Project_Settings/Startup_Code/kinetis_sysinit.o
 .group         0x00000000        0x8 ./Project_Settings/Startup_Code/kinetis_sysinit.o
 .group         0x00000000        0x8 ./Project_Settings/Startup_Code/kinetis_sysinit.o
 .group         0x00000000        0x8 ./Project_Settings/Startup_Code/kinetis_sysinit.o
 .group         0x00000000        0x8 ./Project_Settings/Startup_Code/kinetis_sysinit.o
 .data          0x00000000        0x0 ./Project_Settings/Startup_Code/kinetis_sysinit.o
 .bss           0x00000000        0x0 ./Project_Settings/Startup_Code/kinetis_sysinit.o
 .group         0x00000000        0x8 ./Project_Settings/Startup_Code/__arm_start.o
 .group         0x00000000        0x8 ./Project_Settings/Startup_Code/__arm_start.o
[...]
Memory Configuration

Name             Origin             Length             Attributes
m_interrupts     0x1fff0000         0x000001e0         xr
m_text           0x1fff01e0         0x0000fe20         xr
m_data           0x20000000         0x00010000         rw
*default*        0x00000000         0xffffffff

Linker script and memory map

LOAD ./Project_Settings/Startup_Code/kinetis_sysinit.o
LOAD ./Project_Settings/Startup_Code/__arm_start.o
LOAD ./Project_Settings/Startup_Code/__arm_end.o
LOAD ./Sources/scheduler.o
LOAD ./Sources/gpio_k60.o
LOAD ./Sources/service/queue.o
LOAD ./common/uif.o
LOAD ./common/stdlib.o
LOAD ./common/printf.o
LOAD ./common/io.o
LOAD ./cpu/sysinit.o
LOAD ./cpu/arm_cm4.o
LOAD ./drivers/adc16/adc16.o
LOAD ./drivers/lptmr/lptmr_pulse.o
LOAD ./drivers/lptmr/lptmr_interrupt.o
LOAD ./drivers/lptmr/lptmr_counter.o
LOAD ./drivers/lptmr/lptmr_clocksource.o
LOAD ./drivers/mcg/mcg.o
LOAD ./drivers/uart/uart.o
LOAD ./drivers/wdog/wdog.o
                0x1fff1fc4                __pformatter = __pformatter_
START GROUP
LOAD C:/Freescale/CW MCU v10.6.4/MCU/ARM_GCC_Support/ewl/lib/armv7e-m\libc.a
LOAD C:/Freescale/CW MCU v10.6.4/MCU/ARM_GCC_Support/ewl/lib/armv7e-m\libm.a
LOAD c:/freescale/cw mcu v10.6.4/cross_tools/arm-none-eabi-gcc-4_7_3/bin/../lib/gcc/arm-none-eabi/4.7.3/armv7e-m\libgcc.a
LOAD C:/Freescale/CW MCU v10.6.4/MCU/ARM_GCC_Support/ewl/lib/armv7e-m\libhosted.a
LOAD C:/Freescale/CW MCU v10.6.4/MCU/ARM_GCC_Support/ewl/lib/armv7e-m\libuart.a
LOAD C:/Freescale/CW MCU v10.6.4/MCU/ARM_GCC_Support/ewl/lib/armv7e-m\librt.a
END GROUP
                0x20010000                _estack = 0x20010000
                0x20010000                __SP_INIT = _estack
                0x00000800                __heap_size = 0x800
                0x00000800                __stack_size = 0x800

.interrupts     0x1fff0000      0x1e0
                0x1fff0000                __vector_table = .
                0x1fff0000                . = ALIGN (0x4)
 *(.vectortable)
 .vectortable   0x1fff0000      0x1e0 ./Project_Settings/Startup_Code/kinetis_sysinit.o
                0x1fff0000                InterruptVector
                0x1fff01e0                . = ALIGN (0x4)

.text           0x1fff01e0     0x26fc
                0x1fff01e0                . = ALIGN (0x4)
 *(.text)
 .text          0x1fff01e0       0x44 ./Project_Settings/Startup_Code/kinetis_sysinit.o
                0x1fff01e0                HardFault_Handler
                0x1fff01e0                SysTick_Handler
                0x1fff01e0                PendSV_Handler
                0x1fff01e0                NMI_Handler
                0x1fff01e0                UsageFault_Handler
                0x1fff01e0                BusFault_Handler
                0x1fff01e0                DebugMonitor_Handler
                0x1fff01e0                SVC_Handler
                0x1fff01e0                isr_default
                0x1fff01e0                MemManage_Handler
                0x1fff01e4                __init_hardware
                0x1fff0218                __init_user
                0x1fff0220                isrINT_NMI
 .text          0x1fff0224       0x48 ./Project_Settings/Startup_Code/__arm_start.o
                0x1fff0224                __thumb_startup
                0x1fff0268                __iar_program_start
 .text          0x1fff026c        0x4 ./Project_Settings/Startup_Code/__arm_end.o
                0x1fff026c                _ExitProcess
 .text          0x1fff0270      0x1f0 ./Sources/scheduler.o
                0x1fff02d4                OS_activateTask
                0x1fff0364                OS_terminateTask
                0x1fff03ac                OS_chainTask
                0x1fff03f0                OS_createTask
                0x1fff0438                OS_startOS
 .text          0x1fff0460      0x184 ./Sources/gpio_k60.o
                0x1fff0460                task_taskC
                0x1fff0488                task_taskB
                0x1fff04b0                task_taskA
                0x1fff04f0                init_gpio
                0x1fff052c                main
                0x1fff0590                porta_isr
                0x1fff05b0                porte_isr
                0x1fff05d0                portc_isr
 .text          0x1fff05e4       0xb8 ./Sources/service/queue.o
                0x1fff05e4                createQueue
                0x1fff0610                dequeue
                0x1fff0640                front
                0x1fff0664                enqueue
 .text          0x1fff069c      0x5fc ./common/stdlib.o
                0x1fff069c                isspace
                0x1fff06b0                isalnum
                0x1fff06dc                isdigit
                0x1fff06ec                isupper
                0x1fff06fc                strcasecmp
                0x1fff0734                strncasecmp
                0x1fff07e8                strtoul
                0x1fff0910                strlen
                0x1fff0934                strcat
                0x1fff0964                strncat
                0x1fff09e4                strcpy
                0x1fff0a10                strncpy
                0x1fff0a8c                strcmp
                0x1fff0ac4                strncmp
                0x1fff0b6c                memcpy
                0x1fff0c54                memset
 .text          0x1fff0c98      0x650 ./common/printf.o
                0x1fff0e24                printk
                0x1fff1284                dprintf
                0x1fff12b4                sprintf
 .text          0x1fff12e8       0x34 ./common/io.o
                0x1fff12e8                in_char
                0x1fff12f8                out_char
                0x1fff130c                char_present
 .text          0x1fff131c       0xc8 ./cpu/sysinit.o
                0x1fff131c                trace_clk_init
                0x1fff133c                fb_clk_init
                0x1fff135c                sysinit
 .text          0x1fff13e4      0x1f0 ./cpu/arm_cm4.o
                0x1fff13e4                stop
                0x1fff13f8                wait
                0x1fff140c                write_vtor
                0x1fff1418                enable_irq
                0x1fff14dc                disable_irq
                0x1fff159c                set_irq_priority
 .text          0x1fff15d4       0xe8 ./drivers/lptmr/lptmr_interrupt.o
                0x1fff15d4                lptmr_interrupt
                0x1fff168c                lptmr_isr
 .text          0x1fff16bc      0x3d0 ./drivers/mcg/mcg.o
                0x1fff16bc                set_sys_dividers
                0x1fff1740                pll_init
                0x1fff18b4                mcg_pee_2_blpi
                0x1fff1984                mcg_blpi_2_pee
                0x1fff1a54                mcg_pbe_2_pee
 .text          0x1fff1a8c      0x114 ./drivers/uart/uart.o
                0x1fff1a8c                uart_init
                0x1fff1b7c                uart_getchar
                0x1fff1b8c                uart_putchar
                0x1fff1b98                uart_getchar_present
 *(.text*)
 .text.puts     0x1fff1ba0       0x50 C:/Freescale/CW MCU v10.6.4/MCU/ARM_GCC_Support/ewl/lib/armv7e-m\libc.a(puts.o)
                0x1fff1ba0                puts
 .text.__put_char
                0x1fff1bf0       0x8c C:/Freescale/CW MCU v10.6.4/MCU/ARM_GCC_Support/ewl/lib/armv7e-m\libc.a(__putchar.o)
                0x1fff1bf0                __put_char
 .text.__prep_buffer
                0x1fff1c7c       0x16 C:/Freescale/CW MCU v10.6.4/MCU/ARM_GCC_Support/ewl/lib/armv7e-m\libc.a(__buffer_io.o)
                0x1fff1c7c                __prep_buffer
 .text.__flush_buffer
                0x1fff1c92       0x36 C:/Freescale/CW MCU v10.6.4/MCU/ARM_GCC_Support/ewl/lib/armv7e-m\libc.a(__buffer_io.o)
                0x1fff1c92                __flush_buffer
 .text.exit     0x1fff1cc8       0x38 C:/Freescale/CW MCU v10.6.4/MCU/ARM_GCC_Support/ewl/lib/armv7e-m\libc.a(exit.o)
                0x1fff1cc8                exit
 .text.sbrk     0x1fff1d00       0x28 C:/Freescale/CW MCU v10.6.4/MCU/ARM_GCC_Support/ewl/lib/armv7e-m\libc.a(alloc.o)
                0x1fff1d00                sbrk
 .text.malloc   0x1fff1d28      0x104 C:/Freescale/CW MCU v10.6.4/MCU/ARM_GCC_Support/ewl/lib/armv7e-m\libc.a(alloc.o)
                0x1fff1d28                malloc
 .text.long2str.isra.0
                0x1fff1e2c      0x196 C:/Freescale/CW MCU v10.6.4/MCU/ARM_GCC_Support/ewl/lib/armv7e-m\libc.a(printformat_.o)
 *fill*         0x1fff1fc2        0x2 00
 .text.__pformatter_
                0x1fff1fc4      0x3f8 C:/Freescale/CW MCU v10.6.4/MCU/ARM_GCC_Support/ewl/lib/armv7e-m\libc.a(printformat_.o)
                0x1fff1fc4                __pformatter_
 .text.strchr   0x1fff23bc       0x1a C:/Freescale/CW MCU v10.6.4/MCU/ARM_GCC_Support/ewl/lib/armv7e-m\libc.a(strchr.o)
                0x1fff23bc                strchr
 .text.memchr   0x1fff23d6       0x18 C:/Freescale/CW MCU v10.6.4/MCU/ARM_GCC_Support/ewl/lib/armv7e-m\libc.a(memchr.o)
                0x1fff23d6                memchr
 .text.sys_writec
                0x1fff23ee        0xe C:/Freescale/CW MCU v10.6.4/MCU/ARM_GCC_Support/ewl/lib/armv7e-m\libhosted.a(semihosted_console_io.o)
                0x1fff23ee                sys_writec
 .text.sys_readc
                0x1fff23fc       0x10 C:/Freescale/CW MCU v10.6.4/MCU/ARM_GCC_Support/ewl/lib/armv7e-m\libhosted.a(semihosted_console_io.o)
                0x1fff23fc                sys_readc
 .text.__read_console
                0x1fff240c       0x1a C:/Freescale/CW MCU v10.6.4/MCU/ARM_GCC_Support/ewl/lib/armv7e-m\libhosted.a(semihosted_console_io.o)
                0x1fff240c                __read_console
 .text.__write_console
                0x1fff2426       0x1a C:/Freescale/CW MCU v10.6.4/MCU/ARM_GCC_Support/ewl/lib/armv7e-m\libhosted.a(semihosted_console_io.o)
                0x1fff2426                __write_console
 .text.__close_console
                0x1fff2440        0x4 C:/Freescale/CW MCU v10.6.4/MCU/ARM_GCC_Support/ewl/lib/armv7e-m\libhosted.a(semihosted_console_io.o)
                0x1fff2440                __close_console
 .text.sys_write
                0x1fff2444        0xe C:/Freescale/CW MCU v10.6.4/MCU/ARM_GCC_Support/ewl/lib/armv7e-m\libhosted.a(semihosted_file_io.o)
                0x1fff2444                sys_write
 .text.__write_file
                0x1fff2452       0x1c C:/Freescale/CW MCU v10.6.4/MCU/ARM_GCC_Support/ewl/lib/armv7e-m\libhosted.a(semihosted_file_io.o)
                0x1fff2452                __write_file
 .text.sys_read
                0x1fff246e        0xe C:/Freescale/CW MCU v10.6.4/MCU/ARM_GCC_Support/ewl/lib/armv7e-m\libhosted.a(semihosted_file_io.o)
                0x1fff246e                sys_read
 .text.__read_file
                0x1fff247c       0x34 C:/Freescale/CW MCU v10.6.4/MCU/ARM_GCC_Support/ewl/lib/armv7e-m\libhosted.a(semihosted_file_io.o)
                0x1fff247c                __read_file
 .text.__init_cpp
                0x1fff24b0       0x4c C:/Freescale/CW MCU v10.6.4/MCU/ARM_GCC_Support/ewl/lib/armv7e-m\librt.a(gcc_ctor_dtor.o)
                0x1fff24b0                __init_cpp
 .text.__fini_cpp
                0x1fff24fc       0x34 C:/Freescale/CW MCU v10.6.4/MCU/ARM_GCC_Support/ewl/lib/armv7e-m\librt.a(gcc_ctor_dtor.o)
                0x1fff24fc                __fini_cpp
 .text.__destroy_global_chain
                0x1fff2530       0x18 C:/Freescale/CW MCU v10.6.4/MCU/ARM_GCC_Support/ewl/lib/armv7e-m\librt.a(__arm_eabi_init.o)
                0x1fff2530                __destroy_global_chain
 .text.__init_registers
                0x1fff2548       0x24 C:/Freescale/CW MCU v10.6.4/MCU/ARM_GCC_Support/ewl/lib/armv7e-m\librt.a(__arm_eabi_init.o)
                0x1fff2548                __init_registers
 .text.__copy_rom_section
                0x1fff256c       0x44 C:/Freescale/CW MCU v10.6.4/MCU/ARM_GCC_Support/ewl/lib/armv7e-m\librt.a(ROMCopy.o)
                0x1fff256c                __copy_rom_section
 .text.__copy_rom_sections_to_ram
                0x1fff25b0       0x30 C:/Freescale/CW MCU v10.6.4/MCU/ARM_GCC_Support/ewl/lib/armv7e-m\librt.a(ROMCopy.o)
                0x1fff25b0                __copy_rom_sections_to_ram
 *(.rodata)
 *(.rodata*)
 .rodata.str1.4
                0x1fff25e0       0x11 ./Sources/scheduler.o
                                 0x14 (size before relaxing)
 *fill*         0x1fff25f1        0x3 00
 .rodata.str1.4
                0x1fff25f4       0x99 ./Sources/gpio_k60.o
                                 0x9c (size before relaxing)
 *fill*         0x1fff268d        0x3 00
 .rodata.str1.4
                0x1fff2690       0x1e ./Sources/service/queue.o
                                 0x20 (size before relaxing)
 *fill*         0x1fff26ae        0x2 00
 .rodata.str1.4
                0x1fff26b0       0xef ./cpu/arm_cm4.o
                                 0xf0 (size before relaxing)
 *fill*         0x1fff279f        0x1 00
 .rodata.str1.4
                0x1fff27a0      0x130 ./drivers/lptmr/lptmr_interrupt.o
 .rodata.str1.1
                0x1fff28d0        0x1 C:/Freescale/CW MCU v10.6.4/MCU/ARM_GCC_Support/ewl/lib/armv7e-m\libc.a(printformat_.o)
 .rodata.CSWTCH.20
                0x1fff28d1        0x5 C:/Freescale/CW MCU v10.6.4/MCU/ARM_GCC_Support/ewl/lib/armv7e-m\libc.a(printformat_.o)
 .rodata.CSWTCH.21
                0x1fff28d6        0x5 C:/Freescale/CW MCU v10.6.4/MCU/ARM_GCC_Support/ewl/lib/armv7e-m\libc.a(printformat_.o)
 *(.glue_7)
 .glue_7        0x00000000        0x0 linker stubs
 *(.glue_7t)
 .glue_7t       0x00000000        0x0 linker stubs
 *(.eh_frame)
 *(.init)
 *(.fini)
                0x1fff28dc                . = ALIGN (0x4)
 *fill*         0x1fff28db        0x1 00
                0x1fff28dc                _etext = .

.vfp11_veneer   0x1fff28dc        0x0
 .vfp11_veneer  0x00000000        0x0 linker stubs

.v4_bx          0x1fff28dc        0x0
 .v4_bx         0x00000000        0x0 linker stubs

.iplt           0x1fff28dc        0x0
 .iplt          0x00000000        0x0 ./Project_Settings/Startup_Code/kinetis_sysinit.o

.rel.dyn        0x1fff28dc        0x0
 .rel.iplt      0x00000000        0x0 ./Project_Settings/Startup_Code/kinetis_sysinit.o

.ARM.extab
 *(.ARM.extab* .gnu.linkonce.armextab.*)

.ARM            0x1fff28dc        0x0
                0x1fff28dc                __exidx_start = .
 *(.ARM.exidx*)
                0x1fff28dc                __exidx_end = .

.ctors          0x1fff28dc        0x0
                0x1fff28dc                __CTOR_LIST__ = .
 *crtbegin.o(.ctors)
 *(EXCLUDE_FILE(*crtend.o) .ctors)
 *(SORT(.ctors.*))
 *(.ctors)
                0x1fff28dc                __CTOR_END__ = .

.dtors          0x1fff28dc        0x0
                0x1fff28dc                __DTOR_LIST__ = .
 *crtbegin.o(.dtors)
 *(EXCLUDE_FILE(*crtend.o) .dtors)
 *(SORT(.dtors.*))
 *(.dtors)
                0x1fff28dc                __DTOR_END__ = .

.preinit_array  0x1fff28dc        0x0
                0x1fff28dc                PROVIDE (__preinit_array_start, .)
 *(.preinit_array*)
                0x1fff28dc                PROVIDE (__preinit_array_end, .)

.init_array     0x1fff28dc        0x0
                0x1fff28dc                PROVIDE (__init_array_start, .)
 *(SORT(.init_array.*))
 *(.init_array*)
                0x1fff28dc                PROVIDE (__init_array_end, .)

.fini_array     0x1fff28dc        0x0
                0x1fff28dc                PROVIDE (__fini_array_start, .)
 *(SORT(.fini_array.*))
 *(.fini_array*)
                0x1fff28dc                PROVIDE (__fini_array_end, .)

.data           0x20000000      0x128
                0x20000000                . = ALIGN (0x4)
                0x20000000                _sdata = .
 *(.data)
 .data          0x20000000        0x4 ./Sources/scheduler.o
                0x20000000                runningTask
 .data          0x20000004       0x54 ./Sources/gpio_k60.o
                0x20000004                taskInfo
 *(.data*)
 .data.tail     0x20000058        0x4 C:/Freescale/CW MCU v10.6.4/MCU/ARM_GCC_Support/ewl/lib/armv7e-m\libc.a(alloc.o)
 .data.__files  0x2000005c       0xcc C:/Freescale/CW MCU v10.6.4/MCU/ARM_GCC_Support/ewl/lib/armv7e-m\libc.a(ansi_files.o)
                0x2000005c                __files
                0x20000128                . = ALIGN (0x4)
                0x20000128                _edata = .

.igot.plt       0x20000128        0x0
 .igot.plt      0x00000000        0x0 ./Project_Settings/Startup_Code/kinetis_sysinit.o
                0x20000128                . = ALIGN (0x4)

.bss            0x20000128      0x108
                0x20000128                __START_BSS = .
                0x20000128                PROVIDE (__bss_start__, __START_BSS)
 *(.bss)
 .bss           0x20000128        0x4 ./Project_Settings/Startup_Code/__arm_start.o
 .bss           0x2000012c       0x14 ./Sources/scheduler.o
                0x2000012c                queue
                0x20000130                schedulerTaskInfo
                0x2000013c                currTaskInfo
 *(.bss*)
 .bss.__stdio_exit
                0x20000140        0x4 C:/Freescale/CW MCU v10.6.4/MCU/ARM_GCC_Support/ewl/lib/armv7e-m\libc.a(exit.o)
                0x20000140                __stdio_exit
 .bss.__console_exit
                0x20000144        0x4 C:/Freescale/CW MCU v10.6.4/MCU/ARM_GCC_Support/ewl/lib/armv7e-m\libc.a(exit.o)
                0x20000144                __console_exit
 .bss.head      0x20000148        0x4 C:/Freescale/CW MCU v10.6.4/MCU/ARM_GCC_Support/ewl/lib/armv7e-m\libc.a(alloc.o)
 .bss.heap_end.4347
                0x2000014c        0x4 C:/Freescale/CW MCU v10.6.4/MCU/ARM_GCC_Support/ewl/lib/armv7e-m\libc.a(alloc.o)
 .bss.__global_destructor_chain
                0x20000150        0x4 C:/Freescale/CW MCU v10.6.4/MCU/ARM_GCC_Support/ewl/lib/armv7e-m\librt.a(__arm_eabi_init.o)
                0x20000150                __global_destructor_chain
 .bss.__S_romp  0x20000154        0xc C:/Freescale/CW MCU v10.6.4/MCU/ARM_GCC_Support/ewl/lib/armv7e-m\librt.a(ROMCopy.o)
 *(COMMON)
 COMMON         0x20000160        0xc ./cpu/sysinit.o
                0x20000160                core_clk_mhz
                0x20000164                core_clk_khz
                0x20000168                periph_clk_khz
 COMMON         0x2000016c        0x1 ./drivers/lptmr/lptmr_interrupt.o
                0x2000016c                LPTMR_INTERRUPT
 COMMON         0x2000016d       0xc0 C:/Freescale/CW MCU v10.6.4/MCU/ARM_GCC_Support/ewl/lib/armv7e-m\libc.a(ansi_files.o)
                0x2000016d                stdout_buff
                0x200001ad                stdin_buff
                0x200001ed                stderr_buff
                0x20000230                . = ALIGN (0x4)
 *fill*         0x2000022d        0x3 00
                0x20000230                __END_BSS = .
                0x20000230                PROVIDE (__bss_end__, __END_BSS)

._user_heap_stack
                0x20000230     0x1000
                0x20000230                . = ALIGN (0x4)
                0x20000230                PROVIDE (end, .)
                0x20000230                PROVIDE (_end, .)
                0x20000230                __heap_addr = .
                0x20000a30                . = (. + __heap_size)
 *fill*         0x20000230      0x800 00
                0x20001230                . = (. + __stack_size)
 *fill*         0x20000a30      0x800 00
                0x20001230                . = ALIGN (0x4)
                0x00000000                __S_romp = 0x0

.ARM.attributes
                0x00000000       0x33
 *(.ARM.attributes)
 .ARM.attributes
                0x00000000       0x33 ./Project_Settings/Startup_Code/kinetis_sysinit.o
 .ARM.attributes
                0x00000033       0x33 ./Project_Settings/Startup_Code/__arm_start.o
 .ARM.attributes
                0x00000066       0x33 ./Project_Settings/Startup_Code/__arm_end.o
 .ARM.attributes
                0x00000099       0x33 ./Sources/scheduler.o
 .ARM.attributes
                0x000000cc       0x33 ./Sources/gpio_k60.o
 .ARM.attributes
                0x000000ff       0x33 ./Sources/service/queue.o
 .ARM.attributes
                0x00000132       0x33 ./common/stdlib.o
 .ARM.attributes
                0x00000165       0x33 ./common/printf.o
 .ARM.attributes
                0x00000198       0x33 ./common/io.o
 .ARM.attributes
                0x000001cb       0x33 ./cpu/sysinit.o
 .ARM.attributes
                0x000001fe       0x33 ./cpu/arm_cm4.o
 .ARM.attributes
                0x00000231       0x33 ./drivers/lptmr/lptmr_interrupt.o
 .ARM.attributes
                0x00000264       0x33 ./drivers/mcg/mcg.o
 .ARM.attributes
                0x00000297       0x33 ./drivers/uart/uart.o
 .ARM.attributes
                0x000002ca       0x33 C:/Freescale/CW MCU v10.6.4/MCU/ARM_GCC_Support/ewl/lib/armv7e-m\libc.a(puts.o)
 .ARM.attributes
                0x000002fd       0x33 C:/Freescale/CW MCU v10.6.4/MCU/ARM_GCC_Support/ewl/lib/armv7e-m\libc.a(__putchar.o)
 .ARM.attributes
                0x00000330       0x33 C:/Freescale/CW MCU v10.6.4/MCU/ARM_GCC_Support/ewl/lib/armv7e-m\libc.a(__buffer_io.o)
 .ARM.attributes
                0x00000363       0x33 C:/Freescale/CW MCU v10.6.4/MCU/ARM_GCC_Support/ewl/lib/armv7e-m\libc.a(exit.o)
 .ARM.attributes
                0x00000396       0x33 C:/Freescale/CW MCU v10.6.4/MCU/ARM_GCC_Support/ewl/lib/armv7e-m\libc.a(alloc.o)
 .ARM.attributes
                0x000003c9       0x33 C:/Freescale/CW MCU v10.6.4/MCU/ARM_GCC_Support/ewl/lib/armv7e-m\libc.a(printformat_.o)
 .ARM.attributes
                0x000003fc       0x33 C:/Freescale/CW MCU v10.6.4/MCU/ARM_GCC_Support/ewl/lib/armv7e-m\libc.a(ansi_files.o)
 .ARM.attributes
                0x0000042f       0x33 C:/Freescale/CW MCU v10.6.4/MCU/ARM_GCC_Support/ewl/lib/armv7e-m\libc.a(strchr.o)
 .ARM.attributes
                0x00000462       0x33 C:/Freescale/CW MCU v10.6.4/MCU/ARM_GCC_Support/ewl/lib/armv7e-m\libc.a(memchr.o)
 .ARM.attributes
                0x00000495       0x33 C:/Freescale/CW MCU v10.6.4/MCU/ARM_GCC_Support/ewl/lib/armv7e-m\libhosted.a(semihosted_console_io.o)
 .ARM.attributes
                0x000004c8       0x33 C:/Freescale/CW MCU v10.6.4/MCU/ARM_GCC_Support/ewl/lib/armv7e-m\libhosted.a(semihosted_file_io.o)
 .ARM.attributes
                0x000004fb       0x33 C:/Freescale/CW MCU v10.6.4/MCU/ARM_GCC_Support/ewl/lib/armv7e-m\librt.a(gcc_ctor_dtor.o)
 .ARM.attributes
                0x0000052e       0x33 C:/Freescale/CW MCU v10.6.4/MCU/ARM_GCC_Support/ewl/lib/armv7e-m\librt.a(__arm_eabi_init.o)
 .ARM.attributes
                0x00000561       0x33 C:/Freescale/CW MCU v10.6.4/MCU/ARM_GCC_Support/ewl/lib/armv7e-m\librt.a(ROMCopy.o)
OUTPUT(gpio.elf elf32-littlearm)

.debug_info     0x00000000     0x759a
 .debug_info    0x00000000      0x2d6 ./Project_Settings/Startup_Code/kinetis_sysinit.o
 .debug_info    0x000002d6      0x25f ./Project_Settings/Startup_Code/__arm_start.o
 .debug_info    0x00000535       0x5b ./Project_Settings/Startup_Code/__arm_end.o
 .debug_info    0x00000590      0x4f3 ./Sources/scheduler.o
 .debug_info    0x00000a83      0x77f ./Sources/gpio_k60.o
 .debug_info    0x00001202      0x288 ./Sources/service/queue.o
 .debug_info    0x0000148a      0x6f9 ./common/stdlib.o
 .debug_info    0x00001b83      0xafd ./common/printf.o
 .debug_info    0x00002680      0x36e ./common/io.o
 .debug_info    0x000029ee      0x6fb ./cpu/sysinit.o
 .debug_info    0x000030e9      0x4f6 ./cpu/arm_cm4.o
 .debug_info    0x000035df      0x262 ./drivers/lptmr/lptmr_interrupt.o
 .debug_info    0x00003841      0x78c ./drivers/mcg/mcg.o
 .debug_info    0x00003fcd      0x5a9 ./drivers/uart/uart.o
 .debug_info    0x00004576      0x38a C:/Freescale/CW MCU v10.6.4/MCU/ARM_GCC_Support/ewl/lib/armv7e-m\libc.a(puts.o)
 .debug_info    0x00004900      0x3fa C:/Freescale/CW MCU v10.6.4/MCU/ARM_GCC_Support/ewl/lib/armv7e-m\libc.a(__putchar.o)
 .debug_info    0x00004cfa      0x45d C:/Freescale/CW MCU v10.6.4/MCU/ARM_GCC_Support/ewl/lib/armv7e-m\libc.a(__buffer_io.o)
 .debug_info    0x00005157       0xe8 C:/Freescale/CW MCU v10.6.4/MCU/ARM_GCC_Support/ewl/lib/armv7e-m\libc.a(exit.o)
 .debug_info    0x0000523f      0x33e C:/Freescale/CW MCU v10.6.4/MCU/ARM_GCC_Support/ewl/lib/armv7e-m\libc.a(alloc.o)
 .debug_info    0x0000557d      0x50e C:/Freescale/CW MCU v10.6.4/MCU/ARM_GCC_Support/ewl/lib/armv7e-m\libc.a(printformat_.o)
 .debug_info    0x00005a8b      0x4c6 C:/Freescale/CW MCU v10.6.4/MCU/ARM_GCC_Support/ewl/lib/armv7e-m\libc.a(ansi_files.o)
 .debug_info    0x00005f51      0x108 C:/Freescale/CW MCU v10.6.4/MCU/ARM_GCC_Support/ewl/lib/armv7e-m\libc.a(strchr.o)
 .debug_info    0x00006059      0x120 C:/Freescale/CW MCU v10.6.4/MCU/ARM_GCC_Support/ewl/lib/armv7e-m\libc.a(memchr.o)
 .debug_info    0x00006179      0x232 C:/Freescale/CW MCU v10.6.4/MCU/ARM_GCC_Support/ewl/lib/armv7e-m\libhosted.a(semihosted_console_io.o)
 .debug_info    0x000063ab      0xc6a C:/Freescale/CW MCU v10.6.4/MCU/ARM_GCC_Support/ewl/lib/armv7e-m\libhosted.a(semihosted_file_io.o)
 .debug_info    0x00007015      0x136 C:/Freescale/CW MCU v10.6.4/MCU/ARM_GCC_Support/ewl/lib/armv7e-m\librt.a(gcc_ctor_dtor.o)
 .debug_info    0x0000714b      0x2b5 C:/Freescale/CW MCU v10.6.4/MCU/ARM_GCC_Support/ewl/lib/armv7e-m\librt.a(__arm_eabi_init.o)
 .debug_info    0x00007400      0x19a C:/Freescale/CW MCU v10.6.4/MCU/ARM_GCC_Support/ewl/lib/armv7e-m\librt.a(ROMCopy.o)

.debug_abbrev   0x00000000     0x2547
 .debug_abbrev  0x00000000      0x142 ./Project_Settings/Startup_Code/kinetis_sysinit.o
 .debug_abbrev  0x00000142      0x158 ./Project_Settings/Startup_Code/__arm_start.o
 .debug_abbrev  0x0000029a       0x54 ./Project_Settings/Startup_Code/__arm_end.o
 .debug_abbrev  0x000002ee      0x246 ./Sources/scheduler.o
 .debug_abbrev  0x00000534      0x1ec ./Sources/gpio_k60.o
 .debug_abbrev  0x00000720      0x13b ./Sources/service/queue.o
 .debug_abbrev  0x0000085b      0x164 ./common/stdlib.o
 .debug_abbrev  0x000009bf      0x228 ./common/printf.o
 .debug_abbrev  0x00000be7      0x14b ./common/io.o
 .debug_abbrev  0x00000d32      0x188 ./cpu/sysinit.o
 .debug_abbrev  0x00000eba      0x182 ./cpu/arm_cm4.o
 .debug_abbrev  0x0000103c      0x12c ./drivers/lptmr/lptmr_interrupt.o
 .debug_abbrev  0x00001168      0x1ac ./drivers/mcg/mcg.o
 .debug_abbrev  0x00001314      0x186 ./drivers/uart/uart.o
 .debug_abbrev  0x0000149a      0x10a C:/Freescale/CW MCU v10.6.4/MCU/ARM_GCC_Support/ewl/lib/armv7e-m\libc.a(puts.o)
 .debug_abbrev  0x000015a4       0xf8 C:/Freescale/CW MCU v10.6.4/MCU/ARM_GCC_Support/ewl/lib/armv7e-m\libc.a(__putchar.o)
 .debug_abbrev  0x0000169c      0x142 C:/Freescale/CW MCU v10.6.4/MCU/ARM_GCC_Support/ewl/lib/armv7e-m\libc.a(__buffer_io.o)
 .debug_abbrev  0x000017de       0x7a C:/Freescale/CW MCU v10.6.4/MCU/ARM_GCC_Support/ewl/lib/armv7e-m\libc.a(exit.o)
 .debug_abbrev  0x00001858      0x18f C:/Freescale/CW MCU v10.6.4/MCU/ARM_GCC_Support/ewl/lib/armv7e-m\libc.a(alloc.o)
 .debug_abbrev  0x000019e7      0x200 C:/Freescale/CW MCU v10.6.4/MCU/ARM_GCC_Support/ewl/lib/armv7e-m\libc.a(printformat_.o)
 .debug_abbrev  0x00001be7       0xfa C:/Freescale/CW MCU v10.6.4/MCU/ARM_GCC_Support/ewl/lib/armv7e-m\libc.a(ansi_files.o)
 .debug_abbrev  0x00001ce1       0x89 C:/Freescale/CW MCU v10.6.4/MCU/ARM_GCC_Support/ewl/lib/armv7e-m\libc.a(strchr.o)
 .debug_abbrev  0x00001d6a       0x95 C:/Freescale/CW MCU v10.6.4/MCU/ARM_GCC_Support/ewl/lib/armv7e-m\libc.a(memchr.o)
 .debug_abbrev  0x00001dff      0x137 C:/Freescale/CW MCU v10.6.4/MCU/ARM_GCC_Support/ewl/lib/armv7e-m\libhosted.a(semihosted_console_io.o)
 .debug_abbrev  0x00001f36      0x275 C:/Freescale/CW MCU v10.6.4/MCU/ARM_GCC_Support/ewl/lib/armv7e-m\libhosted.a(semihosted_file_io.o)
 .debug_abbrev  0x000021ab       0x99 C:/Freescale/CW MCU v10.6.4/MCU/ARM_GCC_Support/ewl/lib/armv7e-m\librt.a(gcc_ctor_dtor.o)
 .debug_abbrev  0x00002244      0x1cc C:/Freescale/CW MCU v10.6.4/MCU/ARM_GCC_Support/ewl/lib/armv7e-m\librt.a(__arm_eabi_init.o)
 .debug_abbrev  0x00002410      0x137 C:/Freescale/CW MCU v10.6.4/MCU/ARM_GCC_Support/ewl/lib/armv7e-m\librt.a(ROMCopy.o)

.debug_loc      0x00000000     0x48be
 .debug_loc     0x00000000       0x20 ./Project_Settings/Startup_Code/kinetis_sysinit.o
 .debug_loc     0x00000020      0x289 ./Sources/scheduler.o
 .debug_loc     0x000002a9       0xc0 ./Sources/gpio_k60.o
 .debug_loc     0x00000369      0x188 ./Sources/service/queue.o
 .debug_loc     0x000004f1      0xfa3 ./common/stdlib.o
 .debug_loc     0x00001494      0xfd1 ./common/printf.o
 .debug_loc     0x00002465       0x81 ./common/io.o
 .debug_loc     0x000024e6       0x20 ./cpu/sysinit.o
 .debug_loc     0x00002506      0x11f ./cpu/arm_cm4.o
 .debug_loc     0x00002625       0x40 ./drivers/lptmr/lptmr_interrupt.o
 .debug_loc     0x00002665      0x25c ./drivers/mcg/mcg.o
 .debug_loc     0x000028c1      0x195 ./drivers/uart/uart.o
 .debug_loc     0x00002a56       0x67 C:/Freescale/CW MCU v10.6.4/MCU/ARM_GCC_Support/ewl/lib/armv7e-m\libc.a(puts.o)
 .debug_loc     0x00002abd       0x87 C:/Freescale/CW MCU v10.6.4/MCU/ARM_GCC_Support/ewl/lib/armv7e-m\libc.a(__putchar.o)
 .debug_loc     0x00002b44      0x144 C:/Freescale/CW MCU v10.6.4/MCU/ARM_GCC_Support/ewl/lib/armv7e-m\libc.a(__buffer_io.o)
 .debug_loc     0x00002c88       0x3e C:/Freescale/CW MCU v10.6.4/MCU/ARM_GCC_Support/ewl/lib/armv7e-m\libc.a(exit.o)
 .debug_loc     0x00002cc6      0x2a8 C:/Freescale/CW MCU v10.6.4/MCU/ARM_GCC_Support/ewl/lib/armv7e-m\libc.a(alloc.o)
 .debug_loc     0x00002f6e      0xbdc C:/Freescale/CW MCU v10.6.4/MCU/ARM_GCC_Support/ewl/lib/armv7e-m\libc.a(printformat_.o)
 .debug_loc     0x00003b4a       0xb2 C:/Freescale/CW MCU v10.6.4/MCU/ARM_GCC_Support/ewl/lib/armv7e-m\libc.a(ansi_files.o)
 .debug_loc     0x00003bfc       0x7c C:/Freescale/CW MCU v10.6.4/MCU/ARM_GCC_Support/ewl/lib/armv7e-m\libc.a(strchr.o)
 .debug_loc     0x00003c78       0x62 C:/Freescale/CW MCU v10.6.4/MCU/ARM_GCC_Support/ewl/lib/armv7e-m\libc.a(memchr.o)
 .debug_loc     0x00003cda      0x165 C:/Freescale/CW MCU v10.6.4/MCU/ARM_GCC_Support/ewl/lib/armv7e-m\libhosted.a(semihosted_console_io.o)
 .debug_loc     0x00003e3f      0x7e5 C:/Freescale/CW MCU v10.6.4/MCU/ARM_GCC_Support/ewl/lib/armv7e-m\libhosted.a(semihosted_file_io.o)
 .debug_loc     0x00004624       0x9d C:/Freescale/CW MCU v10.6.4/MCU/ARM_GCC_Support/ewl/lib/armv7e-m\librt.a(gcc_ctor_dtor.o)
 .debug_loc     0x000046c1      0x144 C:/Freescale/CW MCU v10.6.4/MCU/ARM_GCC_Support/ewl/lib/armv7e-m\librt.a(__arm_eabi_init.o)
 .debug_loc     0x00004805       0xb9 C:/Freescale/CW MCU v10.6.4/MCU/ARM_GCC_Support/ewl/lib/armv7e-m\librt.a(ROMCopy.o)

.debug_aranges  0x00000000      0x500
 .debug_aranges
                0x00000000       0x20 ./Project_Settings/Startup_Code/kinetis_sysinit.o
 .debug_aranges
                0x00000020       0x20 ./Project_Settings/Startup_Code/__arm_start.o
 .debug_aranges
                0x00000040       0x20 ./Project_Settings/Startup_Code/__arm_end.o
 .debug_aranges
                0x00000060       0x20 ./Sources/scheduler.o
 .debug_aranges
                0x00000080       0x20 ./Sources/gpio_k60.o
 .debug_aranges
                0x000000a0       0x20 ./Sources/service/queue.o
 .debug_aranges
                0x000000c0       0x20 ./common/stdlib.o
 .debug_aranges
                0x000000e0       0x20 ./common/printf.o
 .debug_aranges
                0x00000100       0x20 ./common/io.o
 .debug_aranges
                0x00000120       0x20 ./cpu/sysinit.o
 .debug_aranges
                0x00000140       0x20 ./cpu/arm_cm4.o
 .debug_aranges
                0x00000160       0x20 ./drivers/lptmr/lptmr_interrupt.o
 .debug_aranges
                0x00000180       0x20 ./drivers/mcg/mcg.o
 .debug_aranges
                0x000001a0       0x20 ./drivers/uart/uart.o
 .debug_aranges
                0x000001c0       0x20 C:/Freescale/CW MCU v10.6.4/MCU/ARM_GCC_Support/ewl/lib/armv7e-m\libc.a(puts.o)
 .debug_aranges
                0x000001e0       0x20 C:/Freescale/CW MCU v10.6.4/MCU/ARM_GCC_Support/ewl/lib/armv7e-m\libc.a(__putchar.o)
 .debug_aranges
                0x00000200       0x30 C:/Freescale/CW MCU v10.6.4/MCU/ARM_GCC_Support/ewl/lib/armv7e-m\libc.a(__buffer_io.o)
 .debug_aranges
                0x00000230       0x20 C:/Freescale/CW MCU v10.6.4/MCU/ARM_GCC_Support/ewl/lib/armv7e-m\libc.a(exit.o)
 .debug_aranges
                0x00000250       0x40 C:/Freescale/CW MCU v10.6.4/MCU/ARM_GCC_Support/ewl/lib/armv7e-m\libc.a(alloc.o)
 .debug_aranges
                0x00000290       0x28 C:/Freescale/CW MCU v10.6.4/MCU/ARM_GCC_Support/ewl/lib/armv7e-m\libc.a(printformat_.o)
 .debug_aranges
                0x000002b8       0x28 C:/Freescale/CW MCU v10.6.4/MCU/ARM_GCC_Support/ewl/lib/armv7e-m\libc.a(ansi_files.o)
 .debug_aranges
                0x000002e0       0x20 C:/Freescale/CW MCU v10.6.4/MCU/ARM_GCC_Support/ewl/lib/armv7e-m\libc.a(strchr.o)
 .debug_aranges
                0x00000300       0x20 C:/Freescale/CW MCU v10.6.4/MCU/ARM_GCC_Support/ewl/lib/armv7e-m\libc.a(memchr.o)
 .debug_aranges
                0x00000320       0x50 C:/Freescale/CW MCU v10.6.4/MCU/ARM_GCC_Support/ewl/lib/armv7e-m\libhosted.a(semihosted_console_io.o)
 .debug_aranges
                0x00000370       0xe0 C:/Freescale/CW MCU v10.6.4/MCU/ARM_GCC_Support/ewl/lib/armv7e-m\libhosted.a(semihosted_file_io.o)
 .debug_aranges
                0x00000450       0x28 C:/Freescale/CW MCU v10.6.4/MCU/ARM_GCC_Support/ewl/lib/armv7e-m\librt.a(gcc_ctor_dtor.o)
 .debug_aranges
                0x00000478       0x58 C:/Freescale/CW MCU v10.6.4/MCU/ARM_GCC_Support/ewl/lib/armv7e-m\librt.a(__arm_eabi_init.o)
 .debug_aranges
                0x000004d0       0x30 C:/Freescale/CW MCU v10.6.4/MCU/ARM_GCC_Support/ewl/lib/armv7e-m\librt.a(ROMCopy.o)

.debug_macro    0x00000000    0x111ef
 .debug_macro   0x00000000       0x9b ./Project_Settings/Startup_Code/kinetis_sysinit.o
 .debug_macro   0x0000009b      0x7fc ./Project_Settings/Startup_Code/kinetis_sysinit.o
 .debug_macro   0x00000897       0x28 ./Project_Settings/Startup_Code/kinetis_sysinit.o
 .debug_macro   0x000008bf       0x10 ./Project_Settings/Startup_Code/kinetis_sysinit.o
 .debug_macro   0x000008cf       0x16 ./Project_Settings/Startup_Code/kinetis_sysinit.o
 .debug_macro   0x000008e5       0x58 ./Project_Settings/Startup_Code/kinetis_sysinit.o
 .debug_macro   0x0000093d      0x1b5 ./Project_Settings/Startup_Code/kinetis_sysinit.o
 .debug_macro   0x00000af2      0x147 ./Project_Settings/Startup_Code/kinetis_sysinit.o
 .debug_macro   0x00000c39       0x9d ./Project_Settings/Startup_Code/kinetis_sysinit.o
 .debug_macro   0x00000cd6       0x10 ./Project_Settings/Startup_Code/kinetis_sysinit.o
 .debug_macro   0x00000ce6      0x1a1 ./Project_Settings/Startup_Code/kinetis_sysinit.o
 .debug_macro   0x00000e87     0xf34a ./Project_Settings/Startup_Code/kinetis_sysinit.o
 .debug_macro   0x000101d1       0xed ./Project_Settings/Startup_Code/__arm_start.o
 .debug_macro   0x000102be       0x16 ./Project_Settings/Startup_Code/__arm_start.o
 .debug_macro   0x000102d4       0x16 ./Project_Settings/Startup_Code/__arm_start.o
 .debug_macro   0x000102ea       0x10 ./Project_Settings/Startup_Code/__arm_start.o
 .debug_macro   0x000102fa       0x2e ./Project_Settings/Startup_Code/__arm_start.o
 .debug_macro   0x00010328       0x10 ./Project_Settings/Startup_Code/__arm_start.o
 .debug_macro   0x00010338       0xa6 ./Project_Settings/Startup_Code/__arm_end.o
 .debug_macro   0x000103de       0x16 ./Project_Settings/Startup_Code/__arm_end.o
 .debug_macro   0x000103f4       0x16 ./Project_Settings/Startup_Code/__arm_end.o
 .debug_macro   0x0001040a      0x112 ./Sources/scheduler.o
 .debug_macro   0x0001051c       0x16 ./Sources/scheduler.o
 .debug_macro   0x00010532       0x34 ./Sources/scheduler.o
 .debug_macro   0x00010566       0x3a ./Sources/scheduler.o
 .debug_macro   0x000105a0       0x10 ./Sources/scheduler.o
 .debug_macro   0x000105b0       0x22 ./Sources/scheduler.o
 .debug_macro   0x000105d2       0x16 ./Sources/scheduler.o
 .debug_macro   0x000105e8      0x114 ./Sources/gpio_k60.o
 .debug_macro   0x000106fc      0x14d ./Sources/service/queue.o
 .debug_macro   0x00010849       0x16 ./Sources/service/queue.o
 .debug_macro   0x0001085f       0x8b ./Sources/service/queue.o
 .debug_macro   0x000108ea       0x22 ./Sources/service/queue.o
 .debug_macro   0x0001090c       0x10 ./Sources/service/queue.o
 .debug_macro   0x0001091c       0x20 ./Sources/service/queue.o
 .debug_macro   0x0001093c       0xf0 ./common/stdlib.o
 .debug_macro   0x00010a2c      0x1ee ./common/printf.o
 .debug_macro   0x00010c1a       0xfa ./common/io.o
 .debug_macro   0x00010d14       0xfe ./cpu/sysinit.o
 .debug_macro   0x00010e12       0xf0 ./cpu/arm_cm4.o
 .debug_macro   0x00010f02       0xff ./drivers/lptmr/lptmr_interrupt.o
 .debug_macro   0x00011001       0xf4 ./drivers/mcg/mcg.o
 .debug_macro   0x000110f5       0xfa ./drivers/uart/uart.o

.debug_line     0x00000000     0x427d
 .debug_line    0x00000000      0x2ce ./Project_Settings/Startup_Code/kinetis_sysinit.o
 .debug_line    0x000002ce      0x27c ./Project_Settings/Startup_Code/__arm_start.o
 .debug_line    0x0000054a      0x242 ./Project_Settings/Startup_Code/__arm_end.o
 .debug_line    0x0000078c      0x369 ./Sources/scheduler.o
 .debug_line    0x00000af5      0x355 ./Sources/gpio_k60.o
 .debug_line    0x00000e4a      0x265 ./Sources/service/queue.o
 .debug_line    0x000010af      0x571 ./common/stdlib.o
 .debug_line    0x00001620      0x52a ./common/printf.o
 .debug_line    0x00001b4a      0x3f5 ./common/io.o
 .debug_line    0x00001f3f      0x408 ./cpu/sysinit.o
 .debug_line    0x00002347      0x3b4 ./cpu/arm_cm4.o
 .debug_line    0x000026fb      0x3b2 ./drivers/lptmr/lptmr_interrupt.o
 .debug_line    0x00002aad      0x455 ./drivers/mcg/mcg.o
 .debug_line    0x00002f02      0x3c2 ./drivers/uart/uart.o
 .debug_line    0x000032c4       0x9c C:/Freescale/CW MCU v10.6.4/MCU/ARM_GCC_Support/ewl/lib/armv7e-m\libc.a(puts.o)
 .debug_line    0x00003360       0xc2 C:/Freescale/CW MCU v10.6.4/MCU/ARM_GCC_Support/ewl/lib/armv7e-m\libc.a(__putchar.o)
 .debug_line    0x00003422       0xfa C:/Freescale/CW MCU v10.6.4/MCU/ARM_GCC_Support/ewl/lib/armv7e-m\libc.a(__buffer_io.o)
 .debug_line    0x0000351c       0x94 C:/Freescale/CW MCU v10.6.4/MCU/ARM_GCC_Support/ewl/lib/armv7e-m\libc.a(exit.o)
 .debug_line    0x000035b0      0x159 C:/Freescale/CW MCU v10.6.4/MCU/ARM_GCC_Support/ewl/lib/armv7e-m\libc.a(alloc.o)
 .debug_line    0x00003709      0x2b4 C:/Freescale/CW MCU v10.6.4/MCU/ARM_GCC_Support/ewl/lib/armv7e-m\libc.a(printformat_.o)
 .debug_line    0x000039bd       0xc0 C:/Freescale/CW MCU v10.6.4/MCU/ARM_GCC_Support/ewl/lib/armv7e-m\libc.a(ansi_files.o)
 .debug_line    0x00003a7d       0x7d C:/Freescale/CW MCU v10.6.4/MCU/ARM_GCC_Support/ewl/lib/armv7e-m\libc.a(strchr.o)
 .debug_line    0x00003afa       0x9f C:/Freescale/CW MCU v10.6.4/MCU/ARM_GCC_Support/ewl/lib/armv7e-m\libc.a(memchr.o)
 .debug_line    0x00003b99      0x14c C:/Freescale/CW MCU v10.6.4/MCU/ARM_GCC_Support/ewl/lib/armv7e-m\libhosted.a(semihosted_console_io.o)
 .debug_line    0x00003ce5      0x377 C:/Freescale/CW MCU v10.6.4/MCU/ARM_GCC_Support/ewl/lib/armv7e-m\libhosted.a(semihosted_file_io.o)
 .debug_line    0x0000405c       0x67 C:/Freescale/CW MCU v10.6.4/MCU/ARM_GCC_Support/ewl/lib/armv7e-m\librt.a(gcc_ctor_dtor.o)
 .debug_line    0x000040c3      0x111 C:/Freescale/CW MCU v10.6.4/MCU/ARM_GCC_Support/ewl/lib/armv7e-m\librt.a(__arm_eabi_init.o)
 .debug_line    0x000041d4       0xa9 C:/Freescale/CW MCU v10.6.4/MCU/ARM_GCC_Support/ewl/lib/armv7e-m\librt.a(ROMCopy.o)

.debug_str      0x00000000    0x57254
 .debug_str     0x00000000    0x54ca8 ./Project_Settings/Startup_Code/kinetis_sysinit.o
                              0x54d2b (size before relaxing)
 .debug_str     0x00054ca8      0x28c ./Project_Settings/Startup_Code/__arm_start.o
                               0x3bbc (size before relaxing)
 .debug_str     0x00054f34      0x17a ./Project_Settings/Startup_Code/__arm_end.o
                               0x3190 (size before relaxing)
 .debug_str     0x000550ae      0x46f ./Sources/scheduler.o
                              0x54f97 (size before relaxing)
 .debug_str     0x0005551d      0x1c6 ./Sources/gpio_k60.o
                              0x550b2 (size before relaxing)
 .debug_str     0x000556e3      0x463 ./Sources/service/queue.o
                               0x3fa6 (size before relaxing)
 .debug_str     0x00055b46       0xbd ./common/stdlib.o
                              0x54e19 (size before relaxing)
 .debug_str     0x00055c03      0x40b ./common/printf.o
                              0x55288 (size before relaxing)
 .debug_str     0x0005600e       0xf2 ./common/io.o
                              0x54e5e (size before relaxing)
 .debug_str     0x00056100       0xf8 ./cpu/sysinit.o
                              0x54ffb (size before relaxing)
 .debug_str     0x000561f8       0xab ./cpu/arm_cm4.o
                              0x54ea9 (size before relaxing)
 .debug_str     0x000562a3       0xdd ./drivers/lptmr/lptmr_interrupt.o
                              0x54e3c (size before relaxing)
 .debug_str     0x00056380      0x105 ./drivers/mcg/mcg.o
                              0x54feb (size before relaxing)
 .debug_str     0x00056485       0x43 ./drivers/uart/uart.o
                              0x54f36 (size before relaxing)
 .debug_str     0x000564c8      0x189 C:/Freescale/CW MCU v10.6.4/MCU/ARM_GCC_Support/ewl/lib/armv7e-m\libc.a(puts.o)
                                0x2cc (size before relaxing)
 .debug_str     0x00056651       0xf3 C:/Freescale/CW MCU v10.6.4/MCU/ARM_GCC_Support/ewl/lib/armv7e-m\libc.a(__putchar.o)
                                0x39e (size before relaxing)
 .debug_str     0x00056744       0xc3 C:/Freescale/CW MCU v10.6.4/MCU/ARM_GCC_Support/ewl/lib/armv7e-m\libc.a(__buffer_io.o)
                                0x373 (size before relaxing)
 .debug_str     0x00056807       0x2e C:/Freescale/CW MCU v10.6.4/MCU/ARM_GCC_Support/ewl/lib/armv7e-m\libc.a(exit.o)
                                0x157 (size before relaxing)
 .debug_str     0x00056835       0xb5 C:/Freescale/CW MCU v10.6.4/MCU/ARM_GCC_Support/ewl/lib/armv7e-m\libc.a(alloc.o)
                                0x200 (size before relaxing)
 .debug_str     0x000568ea      0x21f C:/Freescale/CW MCU v10.6.4/MCU/ARM_GCC_Support/ewl/lib/armv7e-m\libc.a(printformat_.o)
                                0x3b3 (size before relaxing)
 .debug_str     0x00056b09       0xc6 C:/Freescale/CW MCU v10.6.4/MCU/ARM_GCC_Support/ewl/lib/armv7e-m\libc.a(ansi_files.o)
                                0x442 (size before relaxing)
 .debug_str     0x00056bcf       0x1c C:/Freescale/CW MCU v10.6.4/MCU/ARM_GCC_Support/ewl/lib/armv7e-m\libc.a(strchr.o)
                                0x137 (size before relaxing)
 .debug_str     0x00056beb       0x1c C:/Freescale/CW MCU v10.6.4/MCU/ARM_GCC_Support/ewl/lib/armv7e-m\libc.a(memchr.o)
                                0x148 (size before relaxing)
 .debug_str     0x00056c07       0xbb C:/Freescale/CW MCU v10.6.4/MCU/ARM_GCC_Support/ewl/lib/armv7e-m\libhosted.a(semihosted_console_io.o)
                                0x1ac (size before relaxing)
 .debug_str     0x00056cc2      0x341 C:/Freescale/CW MCU v10.6.4/MCU/ARM_GCC_Support/ewl/lib/armv7e-m\libhosted.a(semihosted_file_io.o)
                                0x5f2 (size before relaxing)
 .debug_str     0x00057003       0xfb C:/Freescale/CW MCU v10.6.4/MCU/ARM_GCC_Support/ewl/lib/armv7e-m\librt.a(gcc_ctor_dtor.o)
                                0x181 (size before relaxing)
 .debug_str     0x000570fe       0xd6 C:/Freescale/CW MCU v10.6.4/MCU/ARM_GCC_Support/ewl/lib/armv7e-m\librt.a(__arm_eabi_init.o)
                                0x1b5 (size before relaxing)
 .debug_str     0x000571d4       0x80 C:/Freescale/CW MCU v10.6.4/MCU/ARM_GCC_Support/ewl/lib/armv7e-m\librt.a(ROMCopy.o)
                                0x13c (size before relaxing)

.comment        0x00000000       0x79
 .comment       0x00000000       0x79 ./Project_Settings/Startup_Code/kinetis_sysinit.o
                                 0x7a (size before relaxing)
 .comment       0x00000000       0x7a ./Project_Settings/Startup_Code/__arm_start.o
 .comment       0x00000000       0x7a ./Project_Settings/Startup_Code/__arm_end.o
 .comment       0x00000000       0x7a ./Sources/scheduler.o
 .comment       0x00000000       0x7a ./Sources/gpio_k60.o
 .comment       0x00000000       0x7a ./Sources/service/queue.o
 .comment       0x00000000       0x7a ./common/stdlib.o
 .comment       0x00000000       0x7a ./common/printf.o
 .comment       0x00000000       0x7a ./common/io.o
 .comment       0x00000000       0x7a ./cpu/sysinit.o
 .comment       0x00000000       0x7a ./cpu/arm_cm4.o
 .comment       0x00000000       0x7a ./drivers/lptmr/lptmr_interrupt.o
 .comment       0x00000000       0x7a ./drivers/mcg/mcg.o
 .comment       0x00000000       0x7a ./drivers/uart/uart.o
 .comment       0x00000000       0x7a C:/Freescale/CW MCU v10.6.4/MCU/ARM_GCC_Support/ewl/lib/armv7e-m\libc.a(puts.o)
 .comment       0x00000000       0x7a C:/Freescale/CW MCU v10.6.4/MCU/ARM_GCC_Support/ewl/lib/armv7e-m\libc.a(__putchar.o)
 .comment       0x00000000       0x7a C:/Freescale/CW MCU v10.6.4/MCU/ARM_GCC_Support/ewl/lib/armv7e-m\libc.a(__buffer_io.o)
 .comment       0x00000000       0x7a C:/Freescale/CW MCU v10.6.4/MCU/ARM_GCC_Support/ewl/lib/armv7e-m\libc.a(exit.o)
 .comment       0x00000000       0x7a C:/Freescale/CW MCU v10.6.4/MCU/ARM_GCC_Support/ewl/lib/armv7e-m\libc.a(alloc.o)
 .comment       0x00000000       0x7a C:/Freescale/CW MCU v10.6.4/MCU/ARM_GCC_Support/ewl/lib/armv7e-m\libc.a(printformat_.o)
 .comment       0x00000000       0x7a C:/Freescale/CW MCU v10.6.4/MCU/ARM_GCC_Support/ewl/lib/armv7e-m\libc.a(ansi_files.o)
 .comment       0x00000000       0x7a C:/Freescale/CW MCU v10.6.4/MCU/ARM_GCC_Support/ewl/lib/armv7e-m\libc.a(strchr.o)
 .comment       0x00000000       0x7a C:/Freescale/CW MCU v10.6.4/MCU/ARM_GCC_Support/ewl/lib/armv7e-m\libc.a(memchr.o)
 .comment       0x00000000       0x7a C:/Freescale/CW MCU v10.6.4/MCU/ARM_GCC_Support/ewl/lib/armv7e-m\libhosted.a(semihosted_console_io.o)
 .comment       0x00000000       0x7a C:/Freescale/CW MCU v10.6.4/MCU/ARM_GCC_Support/ewl/lib/armv7e-m\libhosted.a(semihosted_file_io.o)
 .comment       0x00000000       0x7a C:/Freescale/CW MCU v10.6.4/MCU/ARM_GCC_Support/ewl/lib/armv7e-m\librt.a(gcc_ctor_dtor.o)
 .comment       0x00000000       0x7a C:/Freescale/CW MCU v10.6.4/MCU/ARM_GCC_Support/ewl/lib/armv7e-m\librt.a(__arm_eabi_init.o)
 .comment       0x00000000       0x7a C:/Freescale/CW MCU v10.6.4/MCU/ARM_GCC_Support/ewl/lib/armv7e-m\librt.a(ROMCopy.o)

.debug_frame    0x00000000      0xde0
 .debug_frame   0x00000000       0x58 ./Project_Settings/Startup_Code/kinetis_sysinit.o
 .debug_frame   0x00000058       0x30 ./Project_Settings/Startup_Code/__arm_start.o
 .debug_frame   0x00000088       0x20 ./Project_Settings/Startup_Code/__arm_end.o
 .debug_frame   0x000000a8       0xa0 ./Sources/scheduler.o
 .debug_frame   0x00000148       0xd0 ./Sources/gpio_k60.o
 .debug_frame   0x00000218       0x74 ./Sources/service/queue.o
 .debug_frame   0x0000028c      0x198 ./common/stdlib.o
 .debug_frame   0x00000424       0xf8 ./common/printf.o
 .debug_frame   0x0000051c       0x58 ./common/io.o
 .debug_frame   0x00000574       0x48 ./cpu/sysinit.o
 .debug_frame   0x000005bc       0x8c ./cpu/arm_cm4.o
 .debug_frame   0x00000648       0x44 ./drivers/lptmr/lptmr_interrupt.o
 .debug_frame   0x0000068c       0x7c ./drivers/mcg/mcg.o
 .debug_frame   0x00000708       0x58 ./drivers/uart/uart.o
 .debug_frame   0x00000760       0x28 C:/Freescale/CW MCU v10.6.4/MCU/ARM_GCC_Support/ewl/lib/armv7e-m\libc.a(puts.o)
 .debug_frame   0x00000788       0x2c C:/Freescale/CW MCU v10.6.4/MCU/ARM_GCC_Support/ewl/lib/armv7e-m\libc.a(__putchar.o)
 .debug_frame   0x000007b4       0x58 C:/Freescale/CW MCU v10.6.4/MCU/ARM_GCC_Support/ewl/lib/armv7e-m\libc.a(__buffer_io.o)
 .debug_frame   0x0000080c       0x28 C:/Freescale/CW MCU v10.6.4/MCU/ARM_GCC_Support/ewl/lib/armv7e-m\libc.a(exit.o)
 .debug_frame   0x00000834       0x88 C:/Freescale/CW MCU v10.6.4/MCU/ARM_GCC_Support/ewl/lib/armv7e-m\libc.a(alloc.o)
 .debug_frame   0x000008bc       0x64 C:/Freescale/CW MCU v10.6.4/MCU/ARM_GCC_Support/ewl/lib/armv7e-m\libc.a(printformat_.o)
 .debug_frame   0x00000920       0x48 C:/Freescale/CW MCU v10.6.4/MCU/ARM_GCC_Support/ewl/lib/armv7e-m\libc.a(ansi_files.o)
 .debug_frame   0x00000968       0x20 C:/Freescale/CW MCU v10.6.4/MCU/ARM_GCC_Support/ewl/lib/armv7e-m\libc.a(strchr.o)
 .debug_frame   0x00000988       0x20 C:/Freescale/CW MCU v10.6.4/MCU/ARM_GCC_Support/ewl/lib/armv7e-m\libc.a(memchr.o)
 .debug_frame   0x000009a8       0x90 C:/Freescale/CW MCU v10.6.4/MCU/ARM_GCC_Support/ewl/lib/armv7e-m\libhosted.a(semihosted_console_io.o)
 .debug_frame   0x00000a38      0x274 C:/Freescale/CW MCU v10.6.4/MCU/ARM_GCC_Support/ewl/lib/armv7e-m\libhosted.a(semihosted_file_io.o)
 .debug_frame   0x00000cac       0x40 C:/Freescale/CW MCU v10.6.4/MCU/ARM_GCC_Support/ewl/lib/armv7e-m\librt.a(gcc_ctor_dtor.o)
 .debug_frame   0x00000cec       0xac C:/Freescale/CW MCU v10.6.4/MCU/ARM_GCC_Support/ewl/lib/armv7e-m\librt.a(__arm_eabi_init.o)
 .debug_frame   0x00000d98       0x48 C:/Freescale/CW MCU v10.6.4/MCU/ARM_GCC_Support/ewl/lib/armv7e-m\librt.a(ROMCopy.o)

.debug_ranges   0x00000000       0x30
 .debug_ranges  0x00000000       0x30 ./Sources/scheduler.o
