Archive member included because of file (symbol)

C:/Freescale/CW MCU v10.6.4/MCU/ARM_GCC_Support/ewl/lib/armv7e-m\libc.a(puts.o)
                              ./Sources/service/queue.o (puts)
C:/Freescale/CW MCU v10.6.4/MCU/ARM_GCC_Support/ewl/lib/armv7e-m\libc.a(__putchar.o)
                              C:/Freescale/CW MCU v10.6.4/MCU/ARM_GCC_Support/ewl/lib/armv7e-m\libc.a(puts.o) (__put_char)
C:/Freescale/CW MCU v10.6.4/MCU/ARM_GCC_Support/ewl/lib/armv7e-m\libc.a(__buffer_io.o)
                              C:/Freescale/CW MCU v10.6.4/MCU/ARM_GCC_Support/ewl/lib/armv7e-m\libc.a(__putchar.o) (__prep_buffer)
C:/Freescale/CW MCU v10.6.4/MCU/ARM_GCC_Support/ewl/lib/armv7e-m\libc.a(exit.o)
                              ./Project_Settings/Startup_Code/__arm_start.o (exit)
C:/Freescale/CW MCU v10.6.4/MCU/ARM_GCC_Support/ewl/lib/armv7e-m\libc.a(alloc.o)
                              ./Sources/service/queue.o (malloc)
C:/Freescale/CW MCU v10.6.4/MCU/ARM_GCC_Support/ewl/lib/armv7e-m\libc.a(printformat_.o)
                              (__pformatter_)
C:/Freescale/CW MCU v10.6.4/MCU/ARM_GCC_Support/ewl/lib/armv7e-m\libc.a(ansi_files.o)
                              C:/Freescale/CW MCU v10.6.4/MCU/ARM_GCC_Support/ewl/lib/armv7e-m\libc.a(puts.o) (__files)
C:/Freescale/CW MCU v10.6.4/MCU/ARM_GCC_Support/ewl/lib/armv7e-m\libc.a(fflush.o)
                              C:/Freescale/CW MCU v10.6.4/MCU/ARM_GCC_Support/ewl/lib/armv7e-m\libc.a(ansi_files.o) (fflush)
C:/Freescale/CW MCU v10.6.4/MCU/ARM_GCC_Support/ewl/lib/armv7e-m\libc.a(strchr.o)
                              C:/Freescale/CW MCU v10.6.4/MCU/ARM_GCC_Support/ewl/lib/armv7e-m\libc.a(printformat_.o) (strchr)
C:/Freescale/CW MCU v10.6.4/MCU/ARM_GCC_Support/ewl/lib/armv7e-m\libc.a(memchr.o)
                              C:/Freescale/CW MCU v10.6.4/MCU/ARM_GCC_Support/ewl/lib/armv7e-m\libc.a(printformat_.o) (memchr)
C:/Freescale/CW MCU v10.6.4/MCU/ARM_GCC_Support/ewl/lib/armv7e-m\libhosted.a(semihosted_console_io.o)
                              C:/Freescale/CW MCU v10.6.4/MCU/ARM_GCC_Support/ewl/lib/armv7e-m\libc.a(ansi_files.o) (__read_console)
C:/Freescale/CW MCU v10.6.4/MCU/ARM_GCC_Support/ewl/lib/armv7e-m\libhosted.a(semihosted_file_io.o)
                              C:/Freescale/CW MCU v10.6.4/MCU/ARM_GCC_Support/ewl/lib/armv7e-m\libhosted.a(semihosted_console_io.o) (__write_file)
C:/Freescale/CW MCU v10.6.4/MCU/ARM_GCC_Support/ewl/lib/armv7e-m\librt.a(gcc_ctor_dtor.o)
                              ./Project_Settings/Startup_Code/__arm_start.o (__init_cpp)
C:/Freescale/CW MCU v10.6.4/MCU/ARM_GCC_Support/ewl/lib/armv7e-m\librt.a(__arm_eabi_init.o)
                              C:/Freescale/CW MCU v10.6.4/MCU/ARM_GCC_Support/ewl/lib/armv7e-m\libc.a(exit.o) (__destroy_global_chain)
C:/Freescale/CW MCU v10.6.4/MCU/ARM_GCC_Support/ewl/lib/armv7e-m\librt.a(ROMCopy.o)
                              ./Project_Settings/Startup_Code/__arm_start.o (__copy_rom_sections_to_ram)

Allocating common symbols
Common symbol       size              file

runningTask         0x4               ./Sources/scheduler.o
core_clk_mhz        0x4               ./cpu/sysinit.o
rx_data_ok          0x1               ./Sources/gpio_k60.o
core_clk_khz        0x4               ./cpu/sysinit.o
periph_clk_khz      0x4               ./cpu/sysinit.o
stdout_buff         0x40              C:/Freescale/CW MCU v10.6.4/MCU/ARM_GCC_Support/ewl/lib/armv7e-m\libc.a(ansi_files.o)
nextRunningTask     0x4               ./Sources/scheduler.o
uart_index          0x1               ./Sources/gpio_k60.o
rx_data             0x1               ./Sources/gpio_k60.o
stdin_buff          0x40              C:/Freescale/CW MCU v10.6.4/MCU/ARM_GCC_Support/ewl/lib/armv7e-m\libc.a(ansi_files.o)
LPTMR_INTERRUPT     0x1               ./drivers/lptmr/lptmr_interrupt.o
stderr_buff         0x40              C:/Freescale/CW MCU v10.6.4/MCU/ARM_GCC_Support/ewl/lib/armv7e-m\libc.a(ansi_files.o)

Discarded input sections

 .group         0x00000000        0x8 ./Project_Settings/Startup_Code/kinetis_sysinit.o
 .group         0x00000000        0x8 ./Project_Settings/Startup_Code/kinetis_sysinit.o
 .group         0x00000000        0x8 ./Project_Settings/Startup_Code/kinetis_sysinit.o
 .group         0x00000000        0x8 ./Project_Settings/Startup_Code/kinetis_sysinit.o
 .group         0x00000000        0x8 ./Project_Settings/Startup_Code/kinetis_sysinit.o
 .group         0x00000000        0x8 ./Project_Settings/Startup_Code/kinetis_sysinit.o
 .group         0x00000000        0x8 ./Project_Settings/Startup_Code/kinetis_sysinit.o
 .group         0x00000000        0x8 ./Project_Settings/Startup_Code/kinetis_sysinit.o
 .group         0x00000000        0x8 ./Project_Settings/Startup_Code/kinetis_sysinit.o
 .group         0x00000000        0x8 ./Project_Settings/Startup_Code/kinetis_sysinit.o
 .group         0x00000000        0x8 ./Project_Settings/Startup_Code/kinetis_sysinit.o
[...]
Memory Configuration

Name             Origin             Length             Attributes
m_interrupts     0x00000000         0x000001e0         xr
m_cfmprotrom     0x00000400         0x00000010         xr
m_text           0x00000800         0x0007f800         xr
m_data           0x1fff0000         0x00010000         xrw
m_data2          0x20000000         0x00010000         xrw
*default*        0x00000000         0xffffffff

Linker script and memory map

LOAD ./Project_Settings/Startup_Code/kinetis_sysinit.o
LOAD ./Project_Settings/Startup_Code/__arm_start.o
LOAD ./Project_Settings/Startup_Code/__arm_end.o
LOAD ./Sources/scheduler.o
LOAD ./Sources/gpio_k60.o
LOAD ./Sources/service/queue.o
LOAD ./common/uif.o
LOAD ./common/stdlib.o
LOAD ./common/printf.o
LOAD ./common/io.o
LOAD ./cpu/sysinit.o
LOAD ./cpu/arm_cm4.o
LOAD ./drivers/adc16/adc16.o
LOAD ./drivers/lptmr/lptmr_pulse.o
LOAD ./drivers/lptmr/lptmr_interrupt.o
LOAD ./drivers/lptmr/lptmr_counter.o
LOAD ./drivers/lptmr/lptmr_clocksource.o
LOAD ./drivers/mcg/mcg.o
LOAD ./drivers/uart/uart.o
LOAD ./drivers/wdog/wdog.o
                0x00003320                __pformatter = __pformatter_
START GROUP
LOAD C:/Freescale/CW MCU v10.6.4/MCU/ARM_GCC_Support/ewl/lib/armv7e-m\libc.a
LOAD C:/Freescale/CW MCU v10.6.4/MCU/ARM_GCC_Support/ewl/lib/armv7e-m\libm.a
LOAD c:/freescale/cw mcu v10.6.4/cross_tools/arm-none-eabi-gcc-4_7_3/bin/../lib/gcc/arm-none-eabi/4.7.3/armv7e-m\libgcc.a
LOAD C:/Freescale/CW MCU v10.6.4/MCU/ARM_GCC_Support/ewl/lib/armv7e-m\libhosted.a
LOAD C:/Freescale/CW MCU v10.6.4/MCU/ARM_GCC_Support/ewl/lib/armv7e-m\libuart.a
LOAD C:/Freescale/CW MCU v10.6.4/MCU/ARM_GCC_Support/ewl/lib/armv7e-m\librt.a
END GROUP
                0x20000000                _estack = 0x20000000
                0x20000000                __SP_INIT = _estack
                0x00000800                __heap_size = 0x800
                0x00000800                __stack_size = 0x800

.interrupts     0x00000000      0x1e0
                0x00000000                __vector_table = .
                0x00000000                . = ALIGN (0x4)
 *(.vectortable)
 .vectortable   0x00000000      0x1e0 ./Project_Settings/Startup_Code/kinetis_sysinit.o
                0x00000000                InterruptVector
                0x000001e0                . = ALIGN (0x4)

.cfmprotect     0x00000400        0x0
                0x00000400                . = ALIGN (0x4)
 *(.cfmconfig)
                0x00000400                . = ALIGN (0x4)

.text           0x00000800     0x32d4
                0x00000800                . = ALIGN (0x4)
 *(.text)
 .text          0x00000800       0x68 ./Project_Settings/Startup_Code/kinetis_sysinit.o
                0x00000800                __init_hardware
                0x00000844                __init_user
                0x00000850                UsageFault_Handler
                0x00000850                NMI_Handler
                0x00000850                HardFault_Handler
                0x00000850                DebugMonitor_Handler
                0x00000850                isr_default
                0x00000850                MemManage_Handler
                0x00000850                BusFault_Handler
                0x0000085c                isrINT_NMI
 .text          0x00000868       0x60 ./Project_Settings/Startup_Code/__arm_start.o
                0x00000894                __iar_program_start
                0x00000898                __thumb_startup
 .text          0x000008c8        0xc ./Project_Settings/Startup_Code/__arm_end.o
                0x000008c8                _ExitProcess
 .text          0x000008d4      0x4e0 ./Sources/scheduler.o
                0x000008d4                OS_activateTask
                0x0000091c                OS_terminateTask
                0x0000095c                OS_chainTask
                0x000009c0                OS_createTask
                0x00000a84                OS_startOS
                0x00000c54                PendSV_Handler
                0x00000da8                SVC_Handler
 .text          0x00000db4      0x4e8 ./Sources/gpio_k60.o
                0x00000db4                main
                0x00000e50                task_taskA
                0x00000e8c                task_taskB
                0x00000ec8                task_taskC
                0x00000f04                idleTask
                0x00000f0c                init_gpio
                0x00000fa4                init_systick
                0x00000fd0                init_ftm
                0x0000104c                ftm0_isr
                0x00001180                porta_isr
                0x0000119c                porte_isr
                0x0000120c                portc_isr
                0x00001228                SysTick_Handler
 .text          0x0000129c      0x758 ./common/stdlib.o
                0x0000129c                isspace
                0x000012c8                isalnum
                0x0000130c                isdigit
                0x00001338                isupper
                0x00001364                strcasecmp
                0x000013ec                strncasecmp
                0x00001490                strtoul
                0x0000161c                strlen
                0x00001670                strcat
                0x000016d0                strncat
                0x00001750                strcpy
                0x000017a8                strncpy
                0x00001820                strcmp
                0x00001874                strncmp
                0x000018ec                memcpy
                0x000019a0                memset
 .text          0x000019f4      0x944 ./common/printf.o
                0x00001bdc                printk
                0x000022a8                dprintf
                0x000022e8                sprintf
 .text          0x00002338       0x54 ./common/io.o
                0x00002338                in_char
                0x00002350                out_char
                0x00002374                char_present
 .text          0x0000238c      0x158 ./cpu/sysinit.o
                0x0000238c                sysinit
                0x0000246c                trace_clk_init
                0x000024ac                fb_clk_init
 .text          0x000024e4      0x2e8 ./cpu/arm_cm4.o
                0x000024e4                stop
                0x00002504                wait
                0x00002524                write_vtor
                0x00002540                enable_irq
                0x000026a4                disable_irq
                0x0000277c                set_irq_priority
 .text          0x000027cc      0x138 ./drivers/lptmr/lptmr_interrupt.o
                0x000027cc                lptmr_interrupt
                0x000028cc                lptmr_isr
 .text          0x00002904      0x5c8 ./drivers/mcg/mcg.o
                0x00002904                pll_init
                0x00002b0c                set_sys_dividers
                0x00002bac                mcg_pee_2_blpi
                0x00002d1c                mcg_blpi_2_pee
                0x00002e78                mcg_pbe_2_pee
 .text          0x00002ecc      0x284 ./drivers/uart/uart.o
                0x00002ecc                uart_init
                0x000030d8                uart_getchar
                0x00003104                uart_putchar
                0x00003130                uart_getchar_present
 *(.text*)
 .text.exit     0x00003150       0x38 C:/Freescale/CW MCU v10.6.4/MCU/ARM_GCC_Support/ewl/lib/armv7e-m\libc.a(exit.o)
                0x00003150                exit
 .text.long2str.isra.0
                0x00003188      0x196 C:/Freescale/CW MCU v10.6.4/MCU/ARM_GCC_Support/ewl/lib/armv7e-m\libc.a(printformat_.o)
 *fill*         0x0000331e        0x2 00
 .text.__pformatter_
                0x00003320      0x3f8 C:/Freescale/CW MCU v10.6.4/MCU/ARM_GCC_Support/ewl/lib/armv7e-m\libc.a(printformat_.o)
                0x00003320                __pformatter_
 .text.strchr   0x00003718       0x1a C:/Freescale/CW MCU v10.6.4/MCU/ARM_GCC_Support/ewl/lib/armv7e-m\libc.a(strchr.o)
                0x00003718                strchr
 .text.memchr   0x00003732       0x18 C:/Freescale/CW MCU v10.6.4/MCU/ARM_GCC_Support/ewl/lib/armv7e-m\libc.a(memchr.o)
                0x00003732                memchr
 *fill*         0x0000374a        0x2 00
 .text.__init_cpp
                0x0000374c       0x4c C:/Freescale/CW MCU v10.6.4/MCU/ARM_GCC_Support/ewl/lib/armv7e-m\librt.a(gcc_ctor_dtor.o)
                0x0000374c                __init_cpp
 .text.__fini_cpp
                0x00003798       0x34 C:/Freescale/CW MCU v10.6.4/MCU/ARM_GCC_Support/ewl/lib/armv7e-m\librt.a(gcc_ctor_dtor.o)
                0x00003798                __fini_cpp
 .text.__destroy_global_chain
                0x000037cc       0x18 C:/Freescale/CW MCU v10.6.4/MCU/ARM_GCC_Support/ewl/lib/armv7e-m\librt.a(__arm_eabi_init.o)
                0x000037cc                __destroy_global_chain
 .text.__init_registers
                0x000037e4       0x24 C:/Freescale/CW MCU v10.6.4/MCU/ARM_GCC_Support/ewl/lib/armv7e-m\librt.a(__arm_eabi_init.o)
                0x000037e4                __init_registers
 .text.__copy_rom_section
                0x00003808       0x44 C:/Freescale/CW MCU v10.6.4/MCU/ARM_GCC_Support/ewl/lib/armv7e-m\librt.a(ROMCopy.o)
                0x00003808                __copy_rom_section
 .text.__copy_rom_sections_to_ram
                0x0000384c       0x30 C:/Freescale/CW MCU v10.6.4/MCU/ARM_GCC_Support/ewl/lib/armv7e-m\librt.a(ROMCopy.o)
                0x0000384c                __copy_rom_sections_to_ram
 *(.rodata)
 .rodata        0x0000387c       0x14 ./Sources/scheduler.o
 .rodata        0x00003890       0x18 ./Sources/gpio_k60.o
 .rodata        0x000038a8       0xf0 ./cpu/arm_cm4.o
 .rodata        0x00003998      0x130 ./drivers/lptmr/lptmr_interrupt.o
 *(.rodata*)
 .rodata.str1.1
                0x00003ac8        0x1 C:/Freescale/CW MCU v10.6.4/MCU/ARM_GCC_Support/ewl/lib/armv7e-m\libc.a(printformat_.o)
 .rodata.CSWTCH.20
                0x00003ac9        0x5 C:/Freescale/CW MCU v10.6.4/MCU/ARM_GCC_Support/ewl/lib/armv7e-m\libc.a(printformat_.o)
 .rodata.CSWTCH.21
                0x00003ace        0x5 C:/Freescale/CW MCU v10.6.4/MCU/ARM_GCC_Support/ewl/lib/armv7e-m\libc.a(printformat_.o)
 *(.glue_7)
 .glue_7        0x00000000        0x0 linker stubs
 *(.glue_7t)
 .glue_7t       0x00000000        0x0 linker stubs
 *(.eh_frame)
 *(.init)
 *(.fini)
                0x00003ad4                . = ALIGN (0x4)
 *fill*         0x00003ad3        0x1 00
                0x00003ad4                _etext = .

.vfp11_veneer   0x00003ad4        0x0
 .vfp11_veneer  0x00000000        0x0 linker stubs

.v4_bx          0x00003ad4        0x0
 .v4_bx         0x00000000        0x0 linker stubs

.iplt           0x00003ad4        0x0
 .iplt          0x00000000        0x0 ./Project_Settings/Startup_Code/kinetis_sysinit.o

.rel.dyn        0x00003ad4        0x0
 .rel.iplt      0x00000000        0x0 ./Project_Settings/Startup_Code/kinetis_sysinit.o

.ARM.extab
 *(.ARM.extab* .gnu.linkonce.armextab.*)

.ARM            0x00003ad4        0x0
                0x00003ad4                __exidx_start = .
 *(.ARM.exidx*)
                0x00003ad4                __exidx_end = .

.ctors          0x00003ad4        0x0
                0x00003ad4                __CTOR_LIST__ = .
 *crtbegin.o(.ctors)
 *(EXCLUDE_FILE(*crtend.o) .ctors)
 *(SORT(.ctors.*))
 *(.ctors)
                0x00003ad4                __CTOR_END__ = .

.dtors          0x00003ad4        0x0
                0x00003ad4                __DTOR_LIST__ = .
 *crtbegin.o(.dtors)
 *(EXCLUDE_FILE(*crtend.o) .dtors)
 *(SORT(.dtors.*))
 *(.dtors)
                0x00003ad4                __DTOR_END__ = .

.preinit_array  0x00003ad4        0x0
                0x00003ad4                PROVIDE (__preinit_array_start, .)
 *(.preinit_array*)
                0x00003ad4                PROVIDE (__preinit_array_end, .)

.init_array     0x00003ad4        0x0
                0x00003ad4                PROVIDE (__init_array_start, .)
 *(SORT(.init_array.*))
 *(.init_array*)
                0x00003ad4                PROVIDE (__init_array_end, .)

.fini_array     0x00003ad4        0x0
                0x00003ad4                PROVIDE (__fini_array_start, .)
 *(SORT(.fini_array.*))
 *(.fini_array*)
                0x00003ad4                PROVIDE (__fini_array_end, .)
                0x00003ad4                ___ROM_AT = .

.data           0x1fff0000      0x178 load address 0x00003ad4
                0x1fff0000                . = ALIGN (0x4)
                0x1fff0000                _sdata = .
 *(.data)
 .data          0x1fff0000      0x178 ./Sources/gpio_k60.o
                0x1fff0000                taskInfo
 *(.data*)
                0x1fff0178                . = ALIGN (0x4)
                0x1fff0178                _edata = .
                0x00000178                ___data_size = (_edata - _sdata)
                0x00003c4c                ___m_data2_ROMStart = (___ROM_AT + SIZEOF (.data))

.igot.plt       0x1fff0178        0x0 load address 0x00003c4c
 .igot.plt      0x00000000        0x0 ./Project_Settings/Startup_Code/kinetis_sysinit.o

.user_data2     0x20000000        0x0 load address 0x00003c4c
                0x20000000                . = ALIGN (0x4)
                0x20000000                ___m_data2_RAMStart = .
 *(.data2)
                0x20000000                ___m_data2_RAMEnd = .
                0x20000000                . = ALIGN (0x4)
                0x00000000                ___m_data2_ROMSize = (___m_data2_RAMEnd - ___m_data2_RAMStart)
                0x20000000                . = ALIGN (0x4)

.bss            0x1fff0178       0x50 load address 0x00003c4c
                0x1fff0178                __START_BSS = .
                0x1fff0178                PROVIDE (__bss_start__, __START_BSS)
 *(.bss)
 .bss           0x1fff0178        0x4 ./Project_Settings/Startup_Code/__arm_start.o
 .bss           0x1fff017c       0x14 ./Sources/scheduler.o
                0x1fff017c                schedulerTaskInfo
                0x1fff018c                mainStack
 .bss           0x1fff0190        0x4 ./Sources/gpio_k60.o
                0x1fff0190                var
 *(.bss*)
 .bss.__stdio_exit
                0x1fff0194        0x4 C:/Freescale/CW MCU v10.6.4/MCU/ARM_GCC_Support/ewl/lib/armv7e-m\libc.a(exit.o)
                0x1fff0194                __stdio_exit
 .bss.__console_exit
                0x1fff0198        0x4 C:/Freescale/CW MCU v10.6.4/MCU/ARM_GCC_Support/ewl/lib/armv7e-m\libc.a(exit.o)
                0x1fff0198                __console_exit
 .bss.__global_destructor_chain
                0x1fff019c        0x4 C:/Freescale/CW MCU v10.6.4/MCU/ARM_GCC_Support/ewl/lib/armv7e-m\librt.a(__arm_eabi_init.o)
                0x1fff019c                __global_destructor_chain
 .bss.__S_romp  0x1fff01a0        0xc C:/Freescale/CW MCU v10.6.4/MCU/ARM_GCC_Support/ewl/lib/armv7e-m\librt.a(ROMCopy.o)
 *(COMMON)
 COMMON         0x1fff01ac        0x8 ./Sources/scheduler.o
                0x1fff01ac                runningTask
                0x1fff01b0                nextRunningTask
 COMMON         0x1fff01b4        0x3 ./Sources/gpio_k60.o
                0x1fff01b4                rx_data_ok
                0x1fff01b5                uart_index
                0x1fff01b6                rx_data
 *fill*         0x1fff01b7        0x1 00
 COMMON         0x1fff01b8        0xc ./cpu/sysinit.o
                0x1fff01b8                core_clk_mhz
                0x1fff01bc                core_clk_khz
                0x1fff01c0                periph_clk_khz
 COMMON         0x1fff01c4        0x1 ./drivers/lptmr/lptmr_interrupt.o
                0x1fff01c4                LPTMR_INTERRUPT
                0x1fff01c8                . = ALIGN (0x4)
 *fill*         0x1fff01c5        0x3 00
                0x1fff01c8                __END_BSS = .
                0x1fff01c8                PROVIDE (__bss_end__, __END_BSS)

._user_heap_stack
                0x1fff01c8     0x1000 load address 0x00003c9c
                0x1fff01c8                . = ALIGN (0x4)
                0x1fff01c8                PROVIDE (end, .)
                0x1fff01c8                PROVIDE (_end, .)
                0x1fff01c8                __heap_addr = .
                0x1fff09c8                . = (. + __heap_size)
 *fill*         0x1fff01c8      0x800 00
                0x1fff11c8                . = (. + __stack_size)
 *fill*         0x1fff09c8      0x800 00
                0x1fff11c8                . = ALIGN (0x4)
                0x00003c4c                _romp_at = ((___ROM_AT + SIZEOF (.data)) + SIZEOF (.user_data2))

.romp           0x20000000       0x24 load address 0x00003c4c
                0x00003c4c                __S_romp = _romp_at
                0x20000000        0x4 LONG 0x3ad4 ___ROM_AT
                0x20000004        0x4 LONG 0x1fff0000 _sdata
                0x20000008        0x4 LONG 0x178 ___data_size
                0x2000000c        0x4 LONG 0x3c4c ___m_data2_ROMStart
                0x20000010        0x4 LONG 0x20000000 ___m_data2_RAMStart
                0x20000014        0x4 LONG 0x0 ___m_data2_ROMSize
                0x20000018        0x4 LONG 0x0
                0x2000001c        0x4 LONG 0x0
                0x20000020        0x4 LONG 0x0

.ARM.attributes
                0x00000000       0x33
 *(.ARM.attributes)
 .ARM.attributes
                0x00000000       0x33 ./Project_Settings/Startup_Code/kinetis_sysinit.o
 .ARM.attributes
                0x00000033       0x33 ./Project_Settings/Startup_Code/__arm_start.o
 .ARM.attributes
                0x00000066       0x33 ./Project_Settings/Startup_Code/__arm_end.o
 .ARM.attributes
                0x00000099       0x33 ./Sources/scheduler.o
 .ARM.attributes
                0x000000cc       0x33 ./Sources/gpio_k60.o
 .ARM.attributes
                0x000000ff       0x33 ./common/stdlib.o
 .ARM.attributes
                0x00000132       0x33 ./common/printf.o
 .ARM.attributes
                0x00000165       0x33 ./common/io.o
 .ARM.attributes
                0x00000198       0x33 ./cpu/sysinit.o
 .ARM.attributes
                0x000001cb       0x33 ./cpu/arm_cm4.o
 .ARM.attributes
                0x000001fe       0x33 ./drivers/lptmr/lptmr_interrupt.o
 .ARM.attributes
                0x00000231       0x33 ./drivers/mcg/mcg.o
 .ARM.attributes
                0x00000264       0x33 ./drivers/uart/uart.o
 .ARM.attributes
                0x00000297       0x33 C:/Freescale/CW MCU v10.6.4/MCU/ARM_GCC_Support/ewl/lib/armv7e-m\libc.a(exit.o)
 .ARM.attributes
                0x000002ca       0x33 C:/Freescale/CW MCU v10.6.4/MCU/ARM_GCC_Support/ewl/lib/armv7e-m\libc.a(printformat_.o)
 .ARM.attributes
                0x000002fd       0x33 C:/Freescale/CW MCU v10.6.4/MCU/ARM_GCC_Support/ewl/lib/armv7e-m\libc.a(strchr.o)
 .ARM.attributes
                0x00000330       0x33 C:/Freescale/CW MCU v10.6.4/MCU/ARM_GCC_Support/ewl/lib/armv7e-m\libc.a(memchr.o)
 .ARM.attributes
                0x00000363       0x33 C:/Freescale/CW MCU v10.6.4/MCU/ARM_GCC_Support/ewl/lib/armv7e-m\librt.a(gcc_ctor_dtor.o)
 .ARM.attributes
                0x00000396       0x33 C:/Freescale/CW MCU v10.6.4/MCU/ARM_GCC_Support/ewl/lib/armv7e-m\librt.a(__arm_eabi_init.o)
 .ARM.attributes
                0x000003c9       0x33 C:/Freescale/CW MCU v10.6.4/MCU/ARM_GCC_Support/ewl/lib/armv7e-m\librt.a(ROMCopy.o)
OUTPUT(gpio.elf elf32-littlearm)

.debug_info     0x00000000     0x483d
 .debug_info    0x00000000      0x2c1 ./Project_Settings/Startup_Code/kinetis_sysinit.o
 .debug_info    0x000002c1      0x135 ./Project_Settings/Startup_Code/__arm_start.o
 .debug_info    0x000003f6       0x5d ./Project_Settings/Startup_Code/__arm_end.o
 .debug_info    0x00000453      0x67c ./Sources/scheduler.o
 .debug_info    0x00000acf      0x8b1 ./Sources/gpio_k60.o
 .debug_info    0x00001380      0x666 ./common/stdlib.o
 .debug_info    0x000019e6      0x4ec ./common/printf.o
 .debug_info    0x00001ed2      0x303 ./common/io.o
 .debug_info    0x000021d5      0x685 ./cpu/sysinit.o
 .debug_info    0x0000285a      0x479 ./cpu/arm_cm4.o
 .debug_info    0x00002cd3      0x134 ./drivers/lptmr/lptmr_interrupt.o
 .debug_info    0x00002e07      0x6ed ./drivers/mcg/mcg.o
 .debug_info    0x000034f4      0x5a6 ./drivers/uart/uart.o
 .debug_info    0x00003a9a       0xe8 C:/Freescale/CW MCU v10.6.4/MCU/ARM_GCC_Support/ewl/lib/armv7e-m\libc.a(exit.o)
 .debug_info    0x00003b82      0x50e C:/Freescale/CW MCU v10.6.4/MCU/ARM_GCC_Support/ewl/lib/armv7e-m\libc.a(printformat_.o)
 .debug_info    0x00004090      0x108 C:/Freescale/CW MCU v10.6.4/MCU/ARM_GCC_Support/ewl/lib/armv7e-m\libc.a(strchr.o)
 .debug_info    0x00004198      0x120 C:/Freescale/CW MCU v10.6.4/MCU/ARM_GCC_Support/ewl/lib/armv7e-m\libc.a(memchr.o)
 .debug_info    0x000042b8      0x136 C:/Freescale/CW MCU v10.6.4/MCU/ARM_GCC_Support/ewl/lib/armv7e-m\librt.a(gcc_ctor_dtor.o)
 .debug_info    0x000043ee      0x2b5 C:/Freescale/CW MCU v10.6.4/MCU/ARM_GCC_Support/ewl/lib/armv7e-m\librt.a(__arm_eabi_init.o)
 .debug_info    0x000046a3      0x19a C:/Freescale/CW MCU v10.6.4/MCU/ARM_GCC_Support/ewl/lib/armv7e-m\librt.a(ROMCopy.o)

.debug_abbrev   0x00000000     0x174b
 .debug_abbrev  0x00000000      0x124 ./Project_Settings/Startup_Code/kinetis_sysinit.o
 .debug_abbrev  0x00000124       0x9d ./Project_Settings/Startup_Code/__arm_start.o
 .debug_abbrev  0x000001c1       0x54 ./Project_Settings/Startup_Code/__arm_end.o
 .debug_abbrev  0x00000215      0x250 ./Sources/scheduler.o
 .debug_abbrev  0x00000465      0x1e0 ./Sources/gpio_k60.o
 .debug_abbrev  0x00000645      0x122 ./common/stdlib.o
 .debug_abbrev  0x00000767      0x1c6 ./common/printf.o
 .debug_abbrev  0x0000092d       0xfc ./common/io.o
 .debug_abbrev  0x00000a29      0x12a ./cpu/sysinit.o
 .debug_abbrev  0x00000b53      0x127 ./cpu/arm_cm4.o
 .debug_abbrev  0x00000c7a       0xc7 ./drivers/lptmr/lptmr_interrupt.o
 .debug_abbrev  0x00000d41      0x179 ./drivers/mcg/mcg.o
 .debug_abbrev  0x00000eba      0x15d ./drivers/uart/uart.o
 .debug_abbrev  0x00001017       0x7a C:/Freescale/CW MCU v10.6.4/MCU/ARM_GCC_Support/ewl/lib/armv7e-m\libc.a(exit.o)
 .debug_abbrev  0x00001091      0x200 C:/Freescale/CW MCU v10.6.4/MCU/ARM_GCC_Support/ewl/lib/armv7e-m\libc.a(printformat_.o)
 .debug_abbrev  0x00001291       0x89 C:/Freescale/CW MCU v10.6.4/MCU/ARM_GCC_Support/ewl/lib/armv7e-m\libc.a(strchr.o)
 .debug_abbrev  0x0000131a       0x95 C:/Freescale/CW MCU v10.6.4/MCU/ARM_GCC_Support/ewl/lib/armv7e-m\libc.a(memchr.o)
 .debug_abbrev  0x000013af       0x99 C:/Freescale/CW MCU v10.6.4/MCU/ARM_GCC_Support/ewl/lib/armv7e-m\librt.a(gcc_ctor_dtor.o)
 .debug_abbrev  0x00001448      0x1cc C:/Freescale/CW MCU v10.6.4/MCU/ARM_GCC_Support/ewl/lib/armv7e-m\librt.a(__arm_eabi_init.o)
 .debug_abbrev  0x00001614      0x137 C:/Freescale/CW MCU v10.6.4/MCU/ARM_GCC_Support/ewl/lib/armv7e-m\librt.a(ROMCopy.o)

.debug_loc      0x00000000     0x1f80
 .debug_loc     0x00000000       0xb0 ./Project_Settings/Startup_Code/kinetis_sysinit.o
 .debug_loc     0x000000b0       0x2c ./Project_Settings/Startup_Code/__arm_start.o
 .debug_loc     0x000000dc       0x38 ./Project_Settings/Startup_Code/__arm_end.o
 .debug_loc     0x00000114      0x2e0 ./Sources/scheduler.o
 .debug_loc     0x000003f4      0x23c ./Sources/gpio_k60.o
 .debug_loc     0x00000630      0x380 ./common/stdlib.o
 .debug_loc     0x000009b0      0x1a2 ./common/printf.o
 .debug_loc     0x00000b52       0x90 ./common/io.o
 .debug_loc     0x00000be2       0x84 ./cpu/sysinit.o
 .debug_loc     0x00000c66      0x138 ./cpu/arm_cm4.o
 .debug_loc     0x00000d9e       0x64 ./drivers/lptmr/lptmr_interrupt.o
 .debug_loc     0x00000e02      0x10c ./drivers/mcg/mcg.o
 .debug_loc     0x00000f0e       0xe0 ./drivers/uart/uart.o
 .debug_loc     0x00000fee       0x3e C:/Freescale/CW MCU v10.6.4/MCU/ARM_GCC_Support/ewl/lib/armv7e-m\libc.a(exit.o)
 .debug_loc     0x0000102c      0xbdc C:/Freescale/CW MCU v10.6.4/MCU/ARM_GCC_Support/ewl/lib/armv7e-m\libc.a(printformat_.o)
 .debug_loc     0x00001c08       0x7c C:/Freescale/CW MCU v10.6.4/MCU/ARM_GCC_Support/ewl/lib/armv7e-m\libc.a(strchr.o)
 .debug_loc     0x00001c84       0x62 C:/Freescale/CW MCU v10.6.4/MCU/ARM_GCC_Support/ewl/lib/armv7e-m\libc.a(memchr.o)
 .debug_loc     0x00001ce6       0x9d C:/Freescale/CW MCU v10.6.4/MCU/ARM_GCC_Support/ewl/lib/armv7e-m\librt.a(gcc_ctor_dtor.o)
 .debug_loc     0x00001d83      0x144 C:/Freescale/CW MCU v10.6.4/MCU/ARM_GCC_Support/ewl/lib/armv7e-m\librt.a(__arm_eabi_init.o)
 .debug_loc     0x00001ec7       0xb9 C:/Freescale/CW MCU v10.6.4/MCU/ARM_GCC_Support/ewl/lib/armv7e-m\librt.a(ROMCopy.o)

.debug_aranges  0x00000000      0x2d8
 .debug_aranges
                0x00000000       0x20 ./Project_Settings/Startup_Code/kinetis_sysinit.o
 .debug_aranges
                0x00000020       0x20 ./Project_Settings/Startup_Code/__arm_start.o
 .debug_aranges
                0x00000040       0x20 ./Project_Settings/Startup_Code/__arm_end.o
 .debug_aranges
                0x00000060       0x20 ./Sources/scheduler.o
 .debug_aranges
                0x00000080       0x20 ./Sources/gpio_k60.o
 .debug_aranges
                0x000000a0       0x20 ./common/stdlib.o
 .debug_aranges
                0x000000c0       0x20 ./common/printf.o
 .debug_aranges
                0x000000e0       0x20 ./common/io.o
 .debug_aranges
                0x00000100       0x20 ./cpu/sysinit.o
 .debug_aranges
                0x00000120       0x20 ./cpu/arm_cm4.o
 .debug_aranges
                0x00000140       0x20 ./drivers/lptmr/lptmr_interrupt.o
 .debug_aranges
                0x00000160       0x20 ./drivers/mcg/mcg.o
 .debug_aranges
                0x00000180       0x20 ./drivers/uart/uart.o
 .debug_aranges
                0x000001a0       0x20 C:/Freescale/CW MCU v10.6.4/MCU/ARM_GCC_Support/ewl/lib/armv7e-m\libc.a(exit.o)
 .debug_aranges
                0x000001c0       0x28 C:/Freescale/CW MCU v10.6.4/MCU/ARM_GCC_Support/ewl/lib/armv7e-m\libc.a(printformat_.o)
 .debug_aranges
                0x000001e8       0x20 C:/Freescale/CW MCU v10.6.4/MCU/ARM_GCC_Support/ewl/lib/armv7e-m\libc.a(strchr.o)
 .debug_aranges
                0x00000208       0x20 C:/Freescale/CW MCU v10.6.4/MCU/ARM_GCC_Support/ewl/lib/armv7e-m\libc.a(memchr.o)
 .debug_aranges
                0x00000228       0x28 C:/Freescale/CW MCU v10.6.4/MCU/ARM_GCC_Support/ewl/lib/armv7e-m\librt.a(gcc_ctor_dtor.o)
 .debug_aranges
                0x00000250       0x58 C:/Freescale/CW MCU v10.6.4/MCU/ARM_GCC_Support/ewl/lib/armv7e-m\librt.a(__arm_eabi_init.o)
 .debug_aranges
                0x000002a8       0x30 C:/Freescale/CW MCU v10.6.4/MCU/ARM_GCC_Support/ewl/lib/armv7e-m\librt.a(ROMCopy.o)

.debug_macro    0x00000000    0x10fe9
 .debug_macro   0x00000000       0x9b ./Project_Settings/Startup_Code/kinetis_sysinit.o
 .debug_macro   0x0000009b      0x7fc ./Project_Settings/Startup_Code/kinetis_sysinit.o
 .debug_macro   0x00000897       0x28 ./Project_Settings/Startup_Code/kinetis_sysinit.o
 .debug_macro   0x000008bf       0x10 ./Project_Settings/Startup_Code/kinetis_sysinit.o
 .debug_macro   0x000008cf       0x16 ./Project_Settings/Startup_Code/kinetis_sysinit.o
 .debug_macro   0x000008e5       0x58 ./Project_Settings/Startup_Code/kinetis_sysinit.o
 .debug_macro   0x0000093d      0x1b5 ./Project_Settings/Startup_Code/kinetis_sysinit.o
 .debug_macro   0x00000af2      0x147 ./Project_Settings/Startup_Code/kinetis_sysinit.o
 .debug_macro   0x00000c39       0x9d ./Project_Settings/Startup_Code/kinetis_sysinit.o
 .debug_macro   0x00000cd6       0x10 ./Project_Settings/Startup_Code/kinetis_sysinit.o
 .debug_macro   0x00000ce6      0x1a1 ./Project_Settings/Startup_Code/kinetis_sysinit.o
 .debug_macro   0x00000e87     0xf34a ./Project_Settings/Startup_Code/kinetis_sysinit.o
 .debug_macro   0x000101d1       0xed ./Project_Settings/Startup_Code/__arm_start.o
 .debug_macro   0x000102be       0x16 ./Project_Settings/Startup_Code/__arm_start.o
 .debug_macro   0x000102d4       0x16 ./Project_Settings/Startup_Code/__arm_start.o
 .debug_macro   0x000102ea       0x10 ./Project_Settings/Startup_Code/__arm_start.o
 .debug_macro   0x000102fa       0x2e ./Project_Settings/Startup_Code/__arm_start.o
 .debug_macro   0x00010328       0x10 ./Project_Settings/Startup_Code/__arm_start.o
 .debug_macro   0x00010338       0xa6 ./Project_Settings/Startup_Code/__arm_end.o
 .debug_macro   0x000103de       0x16 ./Project_Settings/Startup_Code/__arm_end.o
 .debug_macro   0x000103f4       0x16 ./Project_Settings/Startup_Code/__arm_end.o
 .debug_macro   0x0001040a      0x112 ./Sources/scheduler.o
 .debug_macro   0x0001051c       0x16 ./Sources/scheduler.o
 .debug_macro   0x00010532       0x34 ./Sources/scheduler.o
 .debug_macro   0x00010566       0x3a ./Sources/scheduler.o
 .debug_macro   0x000105a0       0x10 ./Sources/scheduler.o
 .debug_macro   0x000105b0       0x2e ./Sources/scheduler.o
 .debug_macro   0x000105de       0x2e ./Sources/scheduler.o
 .debug_macro   0x0001060c      0x12a ./Sources/gpio_k60.o
 .debug_macro   0x00010736       0xf0 ./common/stdlib.o
 .debug_macro   0x00010826      0x1ee ./common/printf.o
 .debug_macro   0x00010a14       0xfa ./common/io.o
 .debug_macro   0x00010b0e       0xfe ./cpu/sysinit.o
 .debug_macro   0x00010c0c       0xf0 ./cpu/arm_cm4.o
 .debug_macro   0x00010cfc       0xff ./drivers/lptmr/lptmr_interrupt.o
 .debug_macro   0x00010dfb       0xf4 ./drivers/mcg/mcg.o
 .debug_macro   0x00010eef       0xfa ./drivers/uart/uart.o

.debug_line     0x00000000     0x3193
 .debug_line    0x00000000      0x265 ./Project_Settings/Startup_Code/kinetis_sysinit.o
 .debug_line    0x00000265      0x25e ./Project_Settings/Startup_Code/__arm_start.o
 .debug_line    0x000004c3      0x24f ./Project_Settings/Startup_Code/__arm_end.o
 .debug_line    0x00000712      0x3b7 ./Sources/scheduler.o
 .debug_line    0x00000ac9      0x3dc ./Sources/gpio_k60.o
 .debug_line    0x00000ea5      0x497 ./common/stdlib.o
 .debug_line    0x0000133c      0x49f ./common/printf.o
 .debug_line    0x000017db      0x31c ./common/io.o
 .debug_line    0x00001af7      0x330 ./cpu/sysinit.o
 .debug_line    0x00001e27      0x30b ./cpu/arm_cm4.o
 .debug_line    0x00002132      0x307 ./drivers/lptmr/lptmr_interrupt.o
 .debug_line    0x00002439      0x3be ./drivers/mcg/mcg.o
 .debug_line    0x000027f7      0x317 ./drivers/uart/uart.o
 .debug_line    0x00002b0e       0x94 C:/Freescale/CW MCU v10.6.4/MCU/ARM_GCC_Support/ewl/lib/armv7e-m\libc.a(exit.o)
 .debug_line    0x00002ba2      0x2b4 C:/Freescale/CW MCU v10.6.4/MCU/ARM_GCC_Support/ewl/lib/armv7e-m\libc.a(printformat_.o)
 .debug_line    0x00002e56       0x7d C:/Freescale/CW MCU v10.6.4/MCU/ARM_GCC_Support/ewl/lib/armv7e-m\libc.a(strchr.o)
 .debug_line    0x00002ed3       0x9f C:/Freescale/CW MCU v10.6.4/MCU/ARM_GCC_Support/ewl/lib/armv7e-m\libc.a(memchr.o)
 .debug_line    0x00002f72       0x67 C:/Freescale/CW MCU v10.6.4/MCU/ARM_GCC_Support/ewl/lib/armv7e-m\librt.a(gcc_ctor_dtor.o)
 .debug_line    0x00002fd9      0x111 C:/Freescale/CW MCU v10.6.4/MCU/ARM_GCC_Support/ewl/lib/armv7e-m\librt.a(__arm_eabi_init.o)
 .debug_line    0x000030ea       0xa9 C:/Freescale/CW MCU v10.6.4/MCU/ARM_GCC_Support/ewl/lib/armv7e-m\librt.a(ROMCopy.o)

.debug_str      0x00000000    0x568e9
 .debug_str     0x00000000    0x54c7e ./Project_Settings/Startup_Code/kinetis_sysinit.o
                              0x54d01 (size before relaxing)
 .debug_str     0x00054c7e      0x254 ./Project_Settings/Startup_Code/__arm_start.o
                               0x3b36 (size before relaxing)
 .debug_str     0x00054ed2      0x17a ./Project_Settings/Startup_Code/__arm_end.o
                               0x316e (size before relaxing)
 .debug_str     0x0005504c      0x57b ./Sources/scheduler.o
                              0x55146 (size before relaxing)
 .debug_str     0x000555c7      0x325 ./Sources/gpio_k60.o
                              0x55262 (size before relaxing)
 .debug_str     0x000558ec       0xc3 ./common/stdlib.o
                              0x54df7 (size before relaxing)
 .debug_str     0x000559af      0x50b ./common/printf.o
                              0x5525f (size before relaxing)
 .debug_str     0x00055eba       0xc3 ./common/io.o
                              0x54e0d (size before relaxing)
 .debug_str     0x00055f7d       0xed ./cpu/sysinit.o
                              0x54fc6 (size before relaxing)
 .debug_str     0x0005606a       0xb6 ./cpu/arm_cm4.o
                              0x54e7f (size before relaxing)
 .debug_str     0x00056120       0xdd ./drivers/lptmr/lptmr_interrupt.o
                              0x54dff (size before relaxing)
 .debug_str     0x000561fd      0x10e ./drivers/mcg/mcg.o
                              0x54fc9 (size before relaxing)
 .debug_str     0x0005630b       0x7c ./drivers/uart/uart.o
                              0x54f14 (size before relaxing)
 .debug_str     0x00056387       0x5a C:/Freescale/CW MCU v10.6.4/MCU/ARM_GCC_Support/ewl/lib/armv7e-m\libc.a(exit.o)
                                0x157 (size before relaxing)
 .debug_str     0x000563e1      0x233 C:/Freescale/CW MCU v10.6.4/MCU/ARM_GCC_Support/ewl/lib/armv7e-m\libc.a(printformat_.o)
                                0x3b3 (size before relaxing)
 .debug_str     0x00056614       0x1c C:/Freescale/CW MCU v10.6.4/MCU/ARM_GCC_Support/ewl/lib/armv7e-m\libc.a(strchr.o)
                                0x137 (size before relaxing)
 .debug_str     0x00056630       0x1c C:/Freescale/CW MCU v10.6.4/MCU/ARM_GCC_Support/ewl/lib/armv7e-m\libc.a(memchr.o)
                                0x148 (size before relaxing)
 .debug_str     0x0005664c      0x11b C:/Freescale/CW MCU v10.6.4/MCU/ARM_GCC_Support/ewl/lib/armv7e-m\librt.a(gcc_ctor_dtor.o)
                                0x181 (size before relaxing)
 .debug_str     0x00056767       0xe7 C:/Freescale/CW MCU v10.6.4/MCU/ARM_GCC_Support/ewl/lib/armv7e-m\librt.a(__arm_eabi_init.o)
                                0x1b5 (size before relaxing)
 .debug_str     0x0005684e       0x9b C:/Freescale/CW MCU v10.6.4/MCU/ARM_GCC_Support/ewl/lib/armv7e-m\librt.a(ROMCopy.o)
                                0x13c (size before relaxing)

.comment        0x00000000       0x79
 .comment       0x00000000       0x79 ./Project_Settings/Startup_Code/kinetis_sysinit.o
                                 0x7a (size before relaxing)
 .comment       0x00000000       0x7a ./Project_Settings/Startup_Code/__arm_start.o
 .comment       0x00000000       0x7a ./Project_Settings/Startup_Code/__arm_end.o
 .comment       0x00000000       0x7a ./Sources/scheduler.o
 .comment       0x00000000       0x7a ./Sources/gpio_k60.o
 .comment       0x00000000       0x7a ./common/stdlib.o
 .comment       0x00000000       0x7a ./common/printf.o
 .comment       0x00000000       0x7a ./common/io.o
 .comment       0x00000000       0x7a ./cpu/sysinit.o
 .comment       0x00000000       0x7a ./cpu/arm_cm4.o
 .comment       0x00000000       0x7a ./drivers/lptmr/lptmr_interrupt.o
 .comment       0x00000000       0x7a ./drivers/mcg/mcg.o
 .comment       0x00000000       0x7a ./drivers/uart/uart.o
 .comment       0x00000000       0x7a C:/Freescale/CW MCU v10.6.4/MCU/ARM_GCC_Support/ewl/lib/armv7e-m\libc.a(exit.o)
 .comment       0x00000000       0x7a C:/Freescale/CW MCU v10.6.4/MCU/ARM_GCC_Support/ewl/lib/armv7e-m\libc.a(printformat_.o)
 .comment       0x00000000       0x7a C:/Freescale/CW MCU v10.6.4/MCU/ARM_GCC_Support/ewl/lib/armv7e-m\libc.a(strchr.o)
 .comment       0x00000000       0x7a C:/Freescale/CW MCU v10.6.4/MCU/ARM_GCC_Support/ewl/lib/armv7e-m\libc.a(memchr.o)
 .comment       0x00000000       0x7a C:/Freescale/CW MCU v10.6.4/MCU/ARM_GCC_Support/ewl/lib/armv7e-m\librt.a(gcc_ctor_dtor.o)
 .comment       0x00000000       0x7a C:/Freescale/CW MCU v10.6.4/MCU/ARM_GCC_Support/ewl/lib/armv7e-m\librt.a(__arm_eabi_init.o)
 .comment       0x00000000       0x7a C:/Freescale/CW MCU v10.6.4/MCU/ARM_GCC_Support/ewl/lib/armv7e-m\librt.a(ROMCopy.o)

.debug_frame    0x00000000      0xbc0
 .debug_frame   0x00000000       0x74 ./Project_Settings/Startup_Code/kinetis_sysinit.o
 .debug_frame   0x00000074       0x4c ./Project_Settings/Startup_Code/__arm_start.o
 .debug_frame   0x000000c0       0x2c ./Project_Settings/Startup_Code/__arm_end.o
 .debug_frame   0x000000ec      0x1b8 ./Sources/scheduler.o
 .debug_frame   0x000002a4      0x154 ./Sources/gpio_k60.o
 .debug_frame   0x000003f8      0x1dc ./common/stdlib.o
 .debug_frame   0x000005d4       0xfc ./common/printf.o
 .debug_frame   0x000006d0       0x68 ./common/io.o
 .debug_frame   0x00000738       0x5c ./cpu/sysinit.o
 .debug_frame   0x00000794       0xbc ./cpu/arm_cm4.o
 .debug_frame   0x00000850       0x4c ./drivers/lptmr/lptmr_interrupt.o
 .debug_frame   0x0000089c       0xa0 ./drivers/mcg/mcg.o
 .debug_frame   0x0000093c       0x84 ./drivers/uart/uart.o
 .debug_frame   0x000009c0       0x28 C:/Freescale/CW MCU v10.6.4/MCU/ARM_GCC_Support/ewl/lib/armv7e-m\libc.a(exit.o)
 .debug_frame   0x000009e8       0x64 C:/Freescale/CW MCU v10.6.4/MCU/ARM_GCC_Support/ewl/lib/armv7e-m\libc.a(printformat_.o)
 .debug_frame   0x00000a4c       0x20 C:/Freescale/CW MCU v10.6.4/MCU/ARM_GCC_Support/ewl/lib/armv7e-m\libc.a(strchr.o)
 .debug_frame   0x00000a6c       0x20 C:/Freescale/CW MCU v10.6.4/MCU/ARM_GCC_Support/ewl/lib/armv7e-m\libc.a(memchr.o)
 .debug_frame   0x00000a8c       0x40 C:/Freescale/CW MCU v10.6.4/MCU/ARM_GCC_Support/ewl/lib/armv7e-m\librt.a(gcc_ctor_dtor.o)
 .debug_frame   0x00000acc       0xac C:/Freescale/CW MCU v10.6.4/MCU/ARM_GCC_Support/ewl/lib/armv7e-m\librt.a(__arm_eabi_init.o)
 .debug_frame   0x00000b78       0x48 C:/Freescale/CW MCU v10.6.4/MCU/ARM_GCC_Support/ewl/lib/armv7e-m\librt.a(ROMCopy.o)
